<html>
<body>
<pre>
<h1>µVision Build Log</h1>
<h2>Tool Versions:</h2>
IDE-Version: µVision V5.37.0.0
Copyright (C) 2022 ARM Ltd and ARM Germany GmbH. All rights reserved.
License Information: patrick duputz, diy robot maker, LIC=----
 
Tool Versions:
Toolchain:       MDK-Lite  Version: 5.37.0.0
Toolchain Path:  C:\Keil_v5\ARM\ARMCLANG\Bin
C Compiler:      ArmClang.exe V6.18
Assembler:       Armasm.exe V6.18
Linker/Locator:  ArmLink.exe V6.18
Library Manager: ArmAr.exe V6.18
Hex Converter:   FromElf.exe V6.18
CPU DLL:         SARMCM3.DLL V5.37.0.0
Dialog DLL:      DCM.DLL V1.17.5.0
Target DLL:      STLink\ST-LINKIII-KEIL_SWO.dll V3.0.9.0
Dialog DLL:      TCM.DLL V1.56.1.0
 
<h2>Project:</h2>
C:\guithub\Hoverboard-Firmware-Hack-Gen2\HoverBoardGigaDevice\Hoverboard.uvprojx
Project File Date:  01/28/2023

<h2>Output:</h2>
*** Using Compiler 'V6.18', folder: 'C:\Keil_v5\ARM\ARMCLANG\Bin'
Rebuild target 'Target 1'
compiling commsSteering.c...
compiling main.c...
compiling comms.c...
compiling it.c...
compiling bldc.c...
Src/commsBluetooth.c(267): warning: 'sprintf' will always overflow; destination buffer has size 5, but format string expands to at least 6 [-Wfortify-source]
        sprintf(charVal, "%05d", value);
        ^
1 warning generated.
compiling commsBluetooth.c...
compiling setup.c...
compiling gd32f1x0_dbg.c...
compiling commsMasterSlave.c...
compiling gd32f1x0_fwdgt.c...
compiling led.c...
compiling gd32f1x0_dma.c...
compiling gd32f1x0_adc.c...
compiling gd32f1x0_gpio.c...
compiling gd32f1x0_opa.c...
compiling gd32f1x0_misc.c...
compiling gd32f1x0_i2c.c...
compiling gd32f1x0_syscfg.c...
compiling gd32f1x0_pmu.c...
assembling startup_gd32f1x0.s...
compiling gd32f1x0_rcu.c...
compiling gd32f1x0_wwdgt.c...
compiling system_gd32f1x0.c...
compiling gd32f1x0_timer.c...
compiling gd32f1x0_usart.c...
linking...
Program Size: Code=21096 RO-data=528 RW-data=24 ZI-data=2392  
".\Objects\Hoverboard.axf" - 0 Error(s), 1 Warning(s).

<h2>Software Packages used:</h2>

Package Vendor: ARM
                http://www.keil.com/pack/ARM.CMSIS.5.9.0.pack
                ARM.CMSIS.5.9.0
                CMSIS (Common Microcontroller Software Interface Standard)
   * Component: CORE Version: 5.6.0

Package Vendor: GigaDevice
                http://gd32mcu.21ic.com/data/documents/yingyongruanjian/GigaDevice.GD32F1x0_DFP.3.1.0.pack
                GigaDevice.GD32F1x0_DFP.3.1.0
                GigaDevice GD32F1x0 Series Device Support and Examples
   * Component: ADC Version: 3.1.0
   * Component: DMA Version: 3.1.0
   * Component: FWDGT Version: 3.1.0
   * Component: GPIO Version: 3.1.0
   * Component: I2C Version: 3.1.0
   * Component: MCUDBG Version: 3.1.0
   * Component: MISC Version: 3.1.0
   * Component: OPA Version: 3.1.0
   * Component: PMU Version: 3.1.0
   * Component: RCU Version: 3.1.0
   * Component: SYSCFG Version: 3.1.0
   * Component: TIMER Version: 3.1.0
   * Component: USART Version: 3.1.0
   * Component: WWDGT Version: 3.1.0
   * Component: GD32F1x0_libopt Version: 3.1.0
   * Component: Startup Version: 3.1.0

<h2>Collection of Component include folders:</h2>
  ./RTE/_Target_1
  C:/Users/patri/AppData/Local/Arm/Packs/ARM/CMSIS/5.9.0/CMSIS/Core/Include
  C:/Users/patri/AppData/Local/Arm/Packs/GigaDevice/GD32F1x0_DFP/3.1.0/Device/Firmware/Peripherals/inc
  C:/Users/patri/AppData/Local/Arm/Packs/GigaDevice/GD32F1x0_DFP/3.1.0/Device/Include

<h2>Collection of Component Files used:</h2>

   * Component: ARM::CMSIS:CORE:5.6.0

   * Component: GigaDevice::Device:GD32F1x0_StdPeripherals:ADC:3.1.0
      Source file:   Device/Firmware/Peripherals/src/gd32f1x0_adc.c
      Include file:  Device/Firmware/Peripherals/inc/gd32f1x0_adc.h

   * Component: GigaDevice::Device:GD32F1x0_StdPeripherals:DMA:3.1.0
      Source file:   Device/Firmware/Peripherals/src/gd32f1x0_dma.c
      Include file:  Device/Firmware/Peripherals/inc/gd32f1x0_dma.h

   * Component: GigaDevice::Device:GD32F1x0_StdPeripherals:FWDGT:3.1.0
      Include file:  Device/Firmware/Peripherals/inc/gd32f1x0_fwdgt.h
      Source file:   Device/Firmware/Peripherals/src/gd32f1x0_fwdgt.c

   * Component: GigaDevice::Device:GD32F1x0_StdPeripherals:GPIO:3.1.0
      Include file:  Device/Firmware/Peripherals/inc/gd32f1x0_gpio.h
      Source file:   Device/Firmware/Peripherals/src/gd32f1x0_gpio.c

   * Component: GigaDevice::Device:GD32F1x0_StdPeripherals:I2C:3.1.0
      Source file:   Device/Firmware/Peripherals/src/gd32f1x0_i2c.c
      Include file:  Device/Firmware/Peripherals/inc/gd32f1x0_i2c.h

   * Component: GigaDevice::Device:GD32F1x0_StdPeripherals:MCUDBG:3.1.0
      Include file:  Device/Firmware/Peripherals/inc/gd32f1x0_dbg.h
      Source file:   Device/Firmware/Peripherals/src/gd32f1x0_dbg.c

   * Component: GigaDevice::Device:GD32F1x0_StdPeripherals:MISC:3.1.0
      Include file:  Device/Firmware/Peripherals/inc/gd32f1x0_misc.h
      Source file:   Device/Firmware/Peripherals/src/gd32f1x0_misc.c

   * Component: GigaDevice::Device:GD32F1x0_StdPeripherals:OPA:3.1.0
      Include file:  Device/Firmware/Peripherals/inc/gd32f1x0_opa.h
      Source file:   Device/Firmware/Peripherals/src/gd32f1x0_opa.c

   * Component: GigaDevice::Device:GD32F1x0_StdPeripherals:PMU:3.1.0
      Include file:  Device/Firmware/Peripherals/inc/gd32f1x0_pmu.h
      Source file:   Device/Firmware/Peripherals/src/gd32f1x0_pmu.c

   * Component: GigaDevice::Device:GD32F1x0_StdPeripherals:RCU:3.1.0
      Include file:  Device/Firmware/Peripherals/inc/gd32f1x0_rcu.h
      Source file:   Device/Firmware/Peripherals/src/gd32f1x0_rcu.c

   * Component: GigaDevice::Device:GD32F1x0_StdPeripherals:SYSCFG:3.1.0
      Include file:  Device/Firmware/Peripherals/inc/gd32f1x0_syscfg.h
      Source file:   Device/Firmware/Peripherals/src/gd32f1x0_syscfg.c

   * Component: GigaDevice::Device:GD32F1x0_StdPeripherals:TIMER:3.1.0
      Include file:  Device/Firmware/Peripherals/inc/gd32f1x0_timer.h
      Source file:   Device/Firmware/Peripherals/src/gd32f1x0_timer.c

   * Component: GigaDevice::Device:GD32F1x0_StdPeripherals:USART:3.1.0
      Source file:   Device/Firmware/Peripherals/src/gd32f1x0_usart.c
      Include file:  Device/Firmware/Peripherals/inc/gd32f1x0_usart.h

   * Component: GigaDevice::Device:GD32F1x0_StdPeripherals:WWDGT:3.1.0
      Source file:   Device/Firmware/Peripherals/src/gd32f1x0_wwdgt.c
      Include file:  Device/Firmware/Peripherals/inc/gd32f1x0_wwdgt.h

   * Component: GigaDevice::Device:GD32F1x0_libopt:3.1.0
      Include file:  Device/Include/gd32f1x0_libopt.h

   * Component: GigaDevice::Device:Startup:3.1.0
      Include file:  Device/Include/gd32f1x0.h
      Source file:   Device/Source/startup_gd32f1x0.s
      Source file:   Device/Source/system_gd32f1x0.c
Build Time Elapsed:  00:00:01
</pre>
</body>
</html>
