Component: Arm Compiler for Embedded 6.18 Tool: armlink [5e4cc100]

==============================================================================

Section Cross References

    main.o(.text) refers to system_gd32f1x0.o(.text) for SystemCoreClockUpdate
    main.o(.text) refers to system_gd32f1x0.o(.data.SystemCoreClock) for SystemCoreClock
    main.o(.text) refers to setup.o(.text) for Watchdog_init
    main.o(.text) refers to gd32f1x0_gpio.o(.text) for gpio_bit_write
    main.o(.text) refers to gd32f1x0_fwdgt.o(.text) for fwdgt_counter_reload
    main.o(.text) refers to it.o(.text) for Delay
    main.o(.ARM.exidx) refers to main.o(.text) for [Anonymous Symbol]
    bldc.o(.text) refers to bldc.o(.bss.bldc_enable) for bldc_enable
    bldc.o(.text) refers to bldc.o(.bss.bldc_inputFilterPwm) for bldc_inputFilterPwm
    bldc.o(.text) refers to bldc.o(.bss.offsetcount) for offsetcount
    bldc.o(.text) refers to bldc.o(.bss.adc_buffer) for adc_buffer
    bldc.o(.text) refers to bldc.o(.data.offsetdc) for offsetdc
    bldc.o(.text) refers to bldc.o(.bss.buzzerTimer) for buzzerTimer
    bldc.o(.text) refers to bldc.o(.data.batteryVoltage) for batteryVoltage
    bldc.o(.text) refers to f2d.o(x$fpl$f2d) for __aeabi_f2d
    bldc.o(.text) refers to dflt_clz.o(x$fpl$dfltu) for __aeabi_ui2d
    bldc.o(.text) refers to dmul.o(x$fpl$dmul) for __aeabi_dmul
    bldc.o(.text) refers to daddsub_clz.o(x$fpl$dadd) for __aeabi_dadd
    bldc.o(.text) refers to d2f.o(x$fpl$d2f) for __aeabi_d2f
    bldc.o(.text) refers to dflt_clz.o(x$fpl$dflt) for __aeabi_i2d
    bldc.o(.text) refers to bldc.o(.bss.currentDC) for currentDC
    bldc.o(.text) refers to fcmp.o(x$fpl$fcmp) for __aeabi_fcmpgt
    bldc.o(.text) refers to it.o(.data.timedOut) for timedOut
    bldc.o(.text) refers to gd32f1x0_timer.o(.text) for timer_automatic_output_enable
    bldc.o(.text) refers to gd32f1x0_gpio.o(.text) for gpio_input_bit_get
    bldc.o(.text) refers to bldc.o(.bss.hall_a) for hall_a
    bldc.o(.text) refers to bldc.o(.bss.hall_b) for hall_b
    bldc.o(.text) refers to bldc.o(.bss.hall_c) for hall_c
    bldc.o(.text) refers to bldc.o(.bss.hall) for hall
    bldc.o(.text) refers to bldc.o(.rodata.hall_to_pos) for hall_to_pos
    bldc.o(.text) refers to bldc.o(.bss.lastPos) for lastPos
    bldc.o(.text) refers to bldc.o(.bss.pos) for pos
    bldc.o(.text) refers to bldc.o(.bss.dir) for dir
    bldc.o(.text) refers to bldc.o(.bss.filter_reg) for filter_reg
    bldc.o(.text) refers to bldc.o(.bss.bldc_outputFilterPwm) for bldc_outputFilterPwm
    bldc.o(.text) refers to bldc.o(.bss.speedCounter) for speedCounter
    bldc.o(.text) refers to fflt_clz.o(x$fpl$ffltu) for __aeabi_ui2f
    bldc.o(.text) refers to fdiv.o(x$fpl$fdiv) for __aeabi_fdiv
    bldc.o(.text) refers to bldc.o(.bss.realSpeed) for realSpeed
    bldc.o(.ARM.exidx) refers to bldc.o(.text) for [Anonymous Symbol]
    setup.o(.text) refers to gd32f1x0_misc.o(.text) for nvic_priority_group_set
    setup.o(.text) refers to gd32f1x0_rcu.o(.text) for rcu_flag_get
    setup.o(.text) refers to gd32f1x0_fwdgt.o(.text) for fwdgt_config
    setup.o(.text) refers to gd32f1x0_timer.o(.text) for timer_deinit
    setup.o(.text) refers to setup.o(.bss.timeoutTimer_paramter_struct) for timeoutTimer_paramter_struct
    setup.o(.text) refers to gd32f1x0_gpio.o(.text) for gpio_mode_set
    setup.o(.text) refers to setup.o(.bss.timerBldc_paramter_struct) for timerBldc_paramter_struct
    setup.o(.text) refers to setup.o(.bss.timerBldc_oc_parameter_struct) for timerBldc_oc_parameter_struct
    setup.o(.text) refers to setup.o(.bss.timerBldc_break_parameter_struct) for timerBldc_break_parameter_struct
    setup.o(.text) refers to gd32f1x0_dma.o(.text) for dma_deinit
    setup.o(.text) refers to setup.o(.bss.dma_init_struct_adc) for dma_init_struct_adc
    setup.o(.text) refers to bldc.o(.bss.adc_buffer) for adc_buffer
    setup.o(.text) refers to gd32f1x0_adc.o(.text) for adc_channel_length_config
    setup.o(.text) refers to gd32f1x0_usart.o(.text) for usart_baudrate_set
    setup.o(.text) refers to setup.o(.bss.dma_init_struct_usart) for dma_init_struct_usart
    setup.o(.text) refers to setup.o(.bss.usartMasterSlave_rx_buf) for usartMasterSlave_rx_buf
    setup.o(.text) refers to setup.o(.bss.usartSteer_COM_rx_buf) for usartSteer_COM_rx_buf
    setup.o(.ARM.exidx) refers to setup.o(.text) for [Anonymous Symbol]
    it.o(.text) refers to it.o(.bss.msTicks) for msTicks
    it.o(.text) refers to it.o(.bss.timeoutCounter_ms) for timeoutCounter_ms
    it.o(.text) refers to it.o(.data.timedOut) for timedOut
    it.o(.text) refers to bldc.o(.text) for SetPWM
    it.o(.text) refers to it.o(.bss.hornCounter_ms) for hornCounter_ms
    it.o(.text) refers to commsmasterslave.o(.text) for SetUpperLEDMaster
    it.o(.text) refers to led.o(.text) for CalculateLEDProgram
    it.o(.text) refers to gd32f1x0_timer.o(.text) for timer_interrupt_flag_clear
[...]
    _fdiv1                                   0x08004f1d   Thumb Code     0  fdiv.o(x$fpl$fdiv)
    x$fpl$fdiv                               0x08004f1c   Section      388  fdiv.o(x$fpl$fdiv)
    x$fpl$feqf                               0x080050a0   Section      104  feqf.o(x$fpl$feqf)
    x$fpl$ffix                               0x08005108   Section       54  ffix.o(x$fpl$ffix)
    x$fpl$ffltu                              0x08005140   Section       38  fflt_clz.o(x$fpl$ffltu)
    x$fpl$fgeqf                              0x08005168   Section      104  fgeqf.o(x$fpl$fgeqf)
    x$fpl$fleqf                              0x080051d0   Section      104  fleqf.o(x$fpl$fleqf)
    x$fpl$fmul                               0x08005238   Section      258  fmul.o(x$fpl$fmul)
    x$fpl$fnaninf                            0x0800533a   Section      140  fnaninf.o(x$fpl$fnaninf)
    x$fpl$fretinf                            0x080053c6   Section       10  fretinf.o(x$fpl$fretinf)
    maptable                                 0x080053d0   Data          17  __printf_flags_wp.o(.constdata)
    .constdata                               0x080053d0   Section       17  __printf_flags_wp.o(.constdata)
    x$fpl$usenofp                            0x080053d0   Section        0  usenofp.o(x$fpl$usenofp)
    .Lswitch.table.CheckGeneralValue         0x080053e4   Data          12  commsmasterslave.o(.rodata..Lswitch.table.CheckGeneralValue)
    .Lswitch.table.gpio_deinit.1             0x080053f0   Data          12  gd32f1x0_gpio.o(.rodata..Lswitch.table.gpio_deinit.1)
    .L__const.rcu_clock_freq_get.apb2_exp    0x080053fc   Data           8  gd32f1x0_rcu.o(.rodata.cst8)
    .L.str                                   0x0800540c   Data           5  commsbluetooth.o(.rodata.str1.1)
    [Anonymous Symbol]                       0x0800540c   Section        0  commsbluetooth.o(.rodata.str1.1)
    .L.str.1                                 0x08005411   Data           5  commsbluetooth.o(.rodata.str1.1)
    su8BrightnessTable                       0x08005416   Data          64  led.o(.rodata.su8BrightnessTable)
    [Anonymous Symbol]                       0x08005416   Section        0  led.o(.rodata.su8BrightnessTable)
    brightnessValue                          0x20000008   Data           1  led.o(.data.brightnessValue)
    [Anonymous Symbol]                       0x20000008   Section        0  led.o(.data.brightnessValue)
    saturationValue                          0x2000000c   Data           1  led.o(.data.saturationValue)
    [Anonymous Symbol]                       0x2000000c   Section        0  led.o(.data.saturationValue)
    speedBlink                               0x2000000e   Data           2  led.o(.data.speedBlink)
    [Anonymous Symbol]                       0x2000000e   Section        0  led.o(.data.speedBlink)
    speedFading                              0x20000010   Data           2  led.o(.data.speedFading)
    [Anonymous Symbol]                       0x20000010   Section        0  led.o(.data.speedFading)
    speedStrobe                              0x20000012   Data           2  led.o(.data.speedStrobe)
    [Anonymous Symbol]                       0x20000012   Section        0  led.o(.data.speedStrobe)
    .bss                                     0x20000018   Section       96  libspace.o(.bss)
    blinkCounter                             0x20000084   Data           2  led.o(.bss.blinkCounter)
    [Anonymous Symbol]                       0x20000084   Section        0  led.o(.bss.blinkCounter)
    fadingCounter                            0x200000dc   Data           2  led.o(.bss.fadingCounter)
    [Anonymous Symbol]                       0x200000dc   Section        0  led.o(.bss.fadingCounter)
    hueValue                                 0x200000ec   Data           2  led.o(.bss.hueValue)
    [Anonymous Symbol]                       0x200000ec   Section        0  led.o(.bss.hueValue)
    sBluetoothRecord                         0x20000102   Data           1  commsbluetooth.o(.bss.sBluetoothRecord)
    [Anonymous Symbol]                       0x20000102   Section        0  commsbluetooth.o(.bss.sBluetoothRecord)
    sLEDProgram                              0x20000103   Data           1  led.o(.bss.sLEDProgram)
    [Anonymous Symbol]                       0x20000103   Section        0  led.o(.bss.sLEDProgram)
    sMasterSlaveRecord                       0x20000104   Data           1  commsmasterslave.o(.bss.sMasterSlaveRecord)
    [Anonymous Symbol]                       0x20000104   Section        0  commsmasterslave.o(.bss.sMasterSlaveRecord)
    sUSARTBluetoothRecordBuffer              0x20000105   Data          11  commsbluetooth.o(.bss.sUSARTBluetoothRecordBuffer)
    [Anonymous Symbol]                       0x20000105   Section        0  commsbluetooth.o(.bss.sUSARTBluetoothRecordBuffer)
    sUSARTBluetoothRecordBufferCounter       0x20000110   Data           1  commsbluetooth.o(.bss.sUSARTBluetoothRecordBufferCounter)
    [Anonymous Symbol]                       0x20000110   Section        0  commsbluetooth.o(.bss.sUSARTBluetoothRecordBufferCounter)
    sUSARTMasterSlaveRecordBuffer            0x20000111   Data          10  commsmasterslave.o(.bss.sUSARTMasterSlaveRecordBuffer)
    [Anonymous Symbol]                       0x20000111   Section        0  commsmasterslave.o(.bss.sUSARTMasterSlaveRecordBuffer)
    sUSARTMasterSlaveRecordBufferCounter     0x2000011b   Data           1  commsmasterslave.o(.bss.sUSARTMasterSlaveRecordBufferCounter)
    [Anonymous Symbol]                       0x2000011b   Section        0  commsmasterslave.o(.bss.sUSARTMasterSlaveRecordBufferCounter)
    strobeCounter                            0x20000124   Data           2  led.o(.bss.strobeCounter)
    [Anonymous Symbol]                       0x20000124   Section        0  led.o(.bss.strobeCounter)
    strobeToggle                             0x20000126   Data           1  led.o(.bss.strobeToggle)
    [Anonymous Symbol]                       0x20000126   Section        0  led.o(.bss.strobeToggle)
    Heap_Mem                                 0x20000170   Data        1024  startup_gd32f1x0.o(HEAP)
    HEAP                                     0x20000170   Section     1024  startup_gd32f1x0.o(HEAP)
    Stack_Mem                                0x20000570   Data        1024  startup_gd32f1x0.o(STACK)
    STACK                                    0x20000570   Section     1024  startup_gd32f1x0.o(STACK)
    __initial_sp                             0x20000970   Data           0  startup_gd32f1x0.o(STACK)

    Global Symbols

    Symbol Name                              Value     Ov Type        Size  Object(Section)

    BuildAttributes$$THM_ISAv4$P$D$K$B$S$PE$A:L22UL41UL21$X:L11$S22US41US21$IEEE1$IW$~IW$USESV6$~STKCKD$USESV7$~SHL$OTIME$ROPI$EBA8$UX$STANDARDLIB$REQ8$PRES8$EABIv2 0x00000000   Number         0  anon$$obj.o ABSOLUTE
    __fp_init_empty                          0x00000000   Number         0  fpinit_empty.o ABSOLUTE
    _printf_flags                            0x00000000   Number         0  printf_stubs.o ABSOLUTE
    _printf_return_value                     0x00000000   Number         0  printf_stubs.o ABSOLUTE
    _printf_sizespec                         0x00000000   Number         0  printf_stubs.o ABSOLUTE
    _printf_widthprec                        0x00000000   Number         0  printf_stubs.o ABSOLUTE
    __ARM_exceptions_init                     - Undefined Weak Reference
    __alloca_initialize                       - Undefined Weak Reference
    __arm_preinit_                            - Undefined Weak Reference
    __arm_relocate_pie_                       - Undefined Weak Reference
    __cpp_initialize__aeabi_                  - Undefined Weak Reference
    __cxa_finalize                            - Undefined Weak Reference
    __rt_locale                               - Undefined Weak Reference
    __sigvec_lookup                           - Undefined Weak Reference
    _atexit_init                              - Undefined Weak Reference
    _call_atexit_fns                          - Undefined Weak Reference
    _clock_init                               - Undefined Weak Reference
    _fp_trap_init                             - Undefined Weak Reference
    _fp_trap_shutdown                         - Undefined Weak Reference
    _get_lc_collate                           - Undefined Weak Reference
    _get_lc_ctype                             - Undefined Weak Reference
    _get_lc_monetary                          - Undefined Weak Reference
    _get_lc_numeric                           - Undefined Weak Reference
    _get_lc_time                              - Undefined Weak Reference
    _getenv_init                              - Undefined Weak Reference
    _handle_redirection                       - Undefined Weak Reference
    _init_alloc                               - Undefined Weak Reference
    _init_user_alloc                          - Undefined Weak Reference
    _initio                                   - Undefined Weak Reference
    _printf_truncate_signed                   - Undefined Weak Reference
    _printf_truncate_unsigned                 - Undefined Weak Reference
    _rand_init                                - Undefined Weak Reference
    _signal_finish                            - Undefined Weak Reference
    _signal_init                              - Undefined Weak Reference
    _terminate_alloc                          - Undefined Weak Reference
    _terminate_user_alloc                     - Undefined Weak Reference
    _terminateio                              - Undefined Weak Reference
    __Vectors_Size                           0x00000168   Number         0  startup_gd32f1x0.o ABSOLUTE
    __Vectors                                0x08000000   Data           4  startup_gd32f1x0.o(RESET)
    __Vectors_End                            0x08000168   Data           0  startup_gd32f1x0.o(RESET)
    __main                                   0x08000169   Thumb Code     8  __main.o(!!!main)
    __scatterload                            0x08000171   Thumb Code     0  __scatter.o(!!!scatter)
    __scatterload_rt2                        0x08000171   Thumb Code    44  __scatter.o(!!!scatter)
    __scatterload_rt2_thumb_only             0x08000171   Thumb Code     0  __scatter.o(!!!scatter)
    __scatterload_null                       0x0800017f   Thumb Code     0  __scatter.o(!!!scatter)
    __scatterload_copy                       0x080001a5   Thumb Code    26  __scatter_copy.o(!!handler_copy)
    __scatterload_zeroinit                   0x080001c1   Thumb Code    28  __scatter_zi.o(!!handler_zi)
    _printf_d                                0x080001dd   Thumb Code     0  _printf_d.o(.ARM.Collect$$_printf_percent$$00000009)
    _printf_percent                          0x080001dd   Thumb Code     0  _printf_percent.o(.ARM.Collect$$_printf_percent$$00000000)
    _printf_percent_end                      0x080001e3   Thumb Code     0  _printf_percent_end.o(.ARM.Collect$$_printf_percent$$00000017)
    __rt_lib_init                            0x080001e7   Thumb Code     0  libinit.o(.ARM.Collect$$libinit$$00000000)
    __rt_lib_init_alloca_1                   0x080001e9   Thumb Code     0  libinit2.o(.ARM.Collect$$libinit$$00000030)
    __rt_lib_init_argv_1                     0x080001e9   Thumb Code     0  libinit2.o(.ARM.Collect$$libinit$$0000002E)
    __rt_lib_init_atexit_1                   0x080001e9   Thumb Code     0  libinit2.o(.ARM.Collect$$libinit$$0000001D)
    __rt_lib_init_clock_1                    0x080001e9   Thumb Code     0  libinit2.o(.ARM.Collect$$libinit$$00000023)
    __rt_lib_init_cpp_1                      0x080001e9   Thumb Code     0  libinit2.o(.ARM.Collect$$libinit$$00000034)
    __rt_lib_init_exceptions_1               0x080001e9   Thumb Code     0  libinit2.o(.ARM.Collect$$libinit$$00000032)
    __rt_lib_init_fp_1                       0x080001e9   Thumb Code     0  libinit2.o(.ARM.Collect$$libinit$$00000002)
    __rt_lib_init_fp_trap_1                  0x080001e9   Thumb Code     0  libinit2.o(.ARM.Collect$$libinit$$00000021)
    __rt_lib_init_getenv_1                   0x080001e9   Thumb Code     0  libinit2.o(.ARM.Collect$$libinit$$00000025)
    __rt_lib_init_heap_1                     0x080001e9   Thumb Code     0  libinit2.o(.ARM.Collect$$libinit$$0000000C)
    __rt_lib_init_lc_collate_1               0x080001e9   Thumb Code     0  libinit2.o(.ARM.Collect$$libinit$$00000013)
    __rt_lib_init_lc_ctype_1                 0x080001e9   Thumb Code     0  libinit2.o(.ARM.Collect$$libinit$$00000015)
    __rt_lib_init_lc_monetary_1              0x080001e9   Thumb Code     0  libinit2.o(.ARM.Collect$$libinit$$00000017)
    __rt_lib_init_lc_numeric_1               0x080001e9   Thumb Code     0  libinit2.o(.ARM.Collect$$libinit$$00000019)
    __rt_lib_init_lc_time_1                  0x080001e9   Thumb Code     0  libinit2.o(.ARM.Collect$$libinit$$0000001B)
    __rt_lib_init_preinit_1                  0x080001e9   Thumb Code     0  libinit2.o(.ARM.Collect$$libinit$$00000006)
    __rt_lib_init_rand_1                     0x080001e9   Thumb Code     0  libinit2.o(.ARM.Collect$$libinit$$00000010)
    __rt_lib_init_relocate_pie_1             0x080001e9   Thumb Code     0  libinit2.o(.ARM.Collect$$libinit$$00000004)
    __rt_lib_init_return                     0x080001e9   Thumb Code     0  libinit2.o(.ARM.Collect$$libinit$$00000035)
    __rt_lib_init_signal_1                   0x080001e9   Thumb Code     0  libinit2.o(.ARM.Collect$$libinit$$0000001F)
    __rt_lib_init_stdio_1                    0x080001e9   Thumb Code     0  libinit2.o(.ARM.Collect$$libinit$$00000027)
    __rt_lib_init_user_alloc_1               0x080001e9   Thumb Code     0  libinit2.o(.ARM.Collect$$libinit$$0000000E)
    __rt_lib_shutdown                        0x080001eb   Thumb Code     0  libshutdown.o(.ARM.Collect$$libshutdown$$00000000)
    __rt_lib_shutdown_cpp_1                  0x080001ed   Thumb Code     0  libshutdown2.o(.ARM.Collect$$libshutdown$$00000002)
    __rt_lib_shutdown_fp_trap_1              0x080001ed   Thumb Code     0  libshutdown2.o(.ARM.Collect$$libshutdown$$00000007)
    __rt_lib_shutdown_heap_1                 0x080001ed   Thumb Code     0  libshutdown2.o(.ARM.Collect$$libshutdown$$0000000F)
    __rt_lib_shutdown_return                 0x080001ed   Thumb Code     0  libshutdown2.o(.ARM.Collect$$libshutdown$$00000010)
    __rt_lib_shutdown_signal_1               0x080001ed   Thumb Code     0  libshutdown2.o(.ARM.Collect$$libshutdown$$0000000A)
    __rt_lib_shutdown_stdio_1                0x080001ed   Thumb Code     0  libshutdown2.o(.ARM.Collect$$libshutdown$$00000004)
    __rt_lib_shutdown_user_alloc_1           0x080001ed   Thumb Code     0  libshutdown2.o(.ARM.Collect$$libshutdown$$0000000C)
    __rt_entry                               0x080001ef   Thumb Code     0  __rtentry.o(.ARM.Collect$$rtentry$$00000000)
    __rt_entry_presh_1                       0x080001ef   Thumb Code     0  __rtentry2.o(.ARM.Collect$$rtentry$$00000002)
    __rt_entry_sh                            0x080001ef   Thumb Code     0  __rtentry4.o(.ARM.Collect$$rtentry$$00000004)
    __rt_entry_li                            0x080001f5   Thumb Code     0  __rtentry2.o(.ARM.Collect$$rtentry$$0000000A)
    __rt_entry_postsh_1                      0x080001f5   Thumb Code     0  __rtentry2.o(.ARM.Collect$$rtentry$$00000009)
    __rt_entry_main                          0x080001f9   Thumb Code     0  __rtentry2.o(.ARM.Collect$$rtentry$$0000000D)
    __rt_entry_postli_1                      0x080001f9   Thumb Code     0  __rtentry2.o(.ARM.Collect$$rtentry$$0000000C)
    __rt_exit                                0x08000201   Thumb Code     0  rtexit.o(.ARM.Collect$$rtexit$$00000000)
    __rt_exit_ls                             0x08000203   Thumb Code     0  rtexit2.o(.ARM.Collect$$rtexit$$00000003)
    __rt_exit_prels_1                        0x08000203   Thumb Code     0  rtexit2.o(.ARM.Collect$$rtexit$$00000002)
    __rt_exit_exit                           0x08000207   Thumb Code     0  rtexit2.o(.ARM.Collect$$rtexit$$00000004)
    main                                     0x0800020d   Thumb Code   138  main.o(.text)
    blockPWM                                 0x08000299   Thumb Code   106  bldc.o(.text)
    SetEnable                                0x08000305   Thumb Code    12  bldc.o(.text)
    SetPWM                                   0x08000311   Thumb Code    38  bldc.o(.text)
    CalculateBLDC                            0x08000339   Thumb Code   810  bldc.o(.text)
    Interrupt_init                           0x08000665   Thumb Code    12  setup.o(.text)
    Watchdog_init                            0x08000671   Thumb Code    56  setup.o(.text)
    TimeoutTimer_init                        0x080006a9   Thumb Code    92  setup.o(.text)
    GPIO_init                                0x08000705   Thumb Code   796  setup.o(.text)
    PWM_init                                 0x08000a21   Thumb Code   368  setup.o(.text)
    ADC_init                                 0x08000b91   Thumb Code   248  setup.o(.text)
    USART_MasterSlave_init                   0x08000c89   Thumb Code   234  setup.o(.text)
    USART_Steer_COM_init                     0x08000d75   Thumb Code   234  setup.o(.text)
    SysTick_Handler                          0x08000e61   Thumb Code    16  it.o(.text)
    ResetTimeout                             0x08000e71   Thumb Code    14  it.o(.text)
    TIMER13_IRQHandler                       0x08000e81   Thumb Code   106  it.o(.text)
    TIMER0_BRK_UP_TRG_COM_IRQHandler         0x08000eed   Thumb Code    24  it.o(.text)
    DMA_Channel0_IRQHandler                  0x08000f05   Thumb Code    34  it.o(.text)
    DMA_Channel1_2_IRQHandler                0x08000f29   Thumb Code    30  it.o(.text)
    DMA_Channel3_4_IRQHandler                0x08000f49   Thumb Code    30  it.o(.text)
    millis                                   0x08000f69   Thumb Code    12  it.o(.text)
    Delay                                    0x08000f75   Thumb Code    28  it.o(.text)
    NMI_Handler                              0x08000f91   Thumb Code     2  it.o(.text)
    HardFault_Handler                        0x08000f95   Thumb Code     2  it.o(.text)
    MemManage_Handler                        0x08000f99   Thumb Code     2  it.o(.text)
    BusFault_Handler                         0x08000f9d   Thumb Code     2  it.o(.text)
    UsageFault_Handler                       0x08000fa1   Thumb Code     2  it.o(.text)
    SVC_Handler                              0x08000fa5   Thumb Code     2  it.o(.text)
    DebugMon_Handler                         0x08000fa9   Thumb Code     2  it.o(.text)
    PendSV_Handler                           0x08000fad   Thumb Code     2  it.o(.text)
    SendBuffer                               0x08000fb1   Thumb Code    48  comms.o(.text)
    CalcCRC                                  0x08000fe1   Thumb Code    62  comms.o(.text)
    UpdateUSARTBluetoothInput                0x08001021   Thumb Code    98  commsbluetooth.o(.text)
    CheckUSARTBluetoothInput                 0x08001085   Thumb Code   550  commsbluetooth.o(.text)
    SendBluetoothDevice                      0x080012ad   Thumb Code   114  commsbluetooth.o(.text)
    UpdateUSARTMasterSlaveInput              0x08001321   Thumb Code    98  commsmasterslave.o(.text)
    CheckUSARTMasterSlaveInput               0x08001385   Thumb Code   390  commsmasterslave.o(.text)
    CheckGeneralValue                        0x0800150d   Thumb Code    24  commsmasterslave.o(.text)
    SendMaster                               0x08001525   Thumb Code   168  commsmasterslave.o(.text)
    GetCurrentDCMaster                       0x080015cd   Thumb Code    14  commsmasterslave.o(.text)
    GetBatteryMaster                         0x080015dd   Thumb Code    14  commsmasterslave.o(.text)
    GetRealSpeedMaster                       0x080015ed   Thumb Code    14  commsmasterslave.o(.text)
    SetUpperLEDMaster                        0x080015fd   Thumb Code    12  commsmasterslave.o(.text)
    GetUpperLEDMaster                        0x08001609   Thumb Code    12  commsmasterslave.o(.text)
    SetLowerLEDMaster                        0x08001615   Thumb Code    12  commsmasterslave.o(.text)
    GetLowerLEDMaster                        0x08001621   Thumb Code    12  commsmasterslave.o(.text)
    SetMosfetOutMaster                       0x0800162d   Thumb Code    12  commsmasterslave.o(.text)
    GetMosfetOutMaster                       0x08001639   Thumb Code    12  commsmasterslave.o(.text)
    SetBeepsBackwardsMaster                  0x08001645   Thumb Code    12  commsmasterslave.o(.text)
    GetBeepsBackwardsMaster                  0x08001651   Thumb Code    12  commsmasterslave.o(.text)
    CalculateLEDPWM                          0x0800165d   Thumb Code   150  led.o(.text)
    CalculateLEDProgram                      0x080016f5   Thumb Code   198  led.o(.text)
    GetRGBProgram                            0x080017bd   Thumb Code    12  led.o(.text)
    GetSpeedFading                           0x080017c9   Thumb Code    12  led.o(.text)
    SetHSBHue                                0x080017d5   Thumb Code   258  led.o(.text)
    GetHSBHue                                0x080018d9   Thumb Code    12  led.o(.text)
    GetSpeedBlink                            0x080018e5   Thumb Code    12  led.o(.text)
    GetSpeedStrobe                           0x080018f1   Thumb Code    12  led.o(.text)
    SetHSBBrightness                         0x080018fd   Thumb Code   264  led.o(.text)
    SetRGBProgram                            0x08001a05   Thumb Code   102  led.o(.text)
    SetHSBSaturation                         0x08001a6d   Thumb Code   282  led.o(.text)
    HSBtoRed                                 0x08001b89   Thumb Code    60  led.o(.text)
    HSBtoGreen                               0x08001bc5   Thumb Code    60  led.o(.text)
    HSBtoBlue                                0x08001c01   Thumb Code    58  led.o(.text)
    GetHSBSaturation                         0x08001c3d   Thumb Code    12  led.o(.text)
    GetHSBBrightness                         0x08001c49   Thumb Code    12  led.o(.text)
    SetSpeedFading                           0x08001c55   Thumb Code    28  led.o(.text)
    SetSpeedBlink                            0x08001c71   Thumb Code    32  led.o(.text)
    SetSpeedStrobe                           0x08001c91   Thumb Code    28  led.o(.text)
    adc_deinit                               0x08001cad   Thumb Code    20  gd32f1x0_adc.o(.text)
    adc_enable                               0x08001cc1   Thumb Code    26  gd32f1x0_adc.o(.text)
    adc_disable                              0x08001cdd   Thumb Code    18  gd32f1x0_adc.o(.text)
    adc_calibration_enable                   0x08001cf1   Thumb Code    40  gd32f1x0_adc.o(.text)
    adc_dma_mode_enable                      0x08001d19   Thumb Code    18  gd32f1x0_adc.o(.text)
    adc_dma_mode_disable                     0x08001d2d   Thumb Code    18  gd32f1x0_adc.o(.text)
    adc_tempsensor_vrefint_enable            0x08001d41   Thumb Code    18  gd32f1x0_adc.o(.text)
    adc_tempsensor_vrefint_disable           0x08001d55   Thumb Code    18  gd32f1x0_adc.o(.text)
    adc_vbat_enable                          0x08001d69   Thumb Code    18  gd32f1x0_adc.o(.text)
    adc_vbat_disable                         0x08001d7d   Thumb Code    18  gd32f1x0_adc.o(.text)
    adc_discontinuous_mode_config            0x08001d91   Thumb Code    70  gd32f1x0_adc.o(.text)
    adc_special_function_config              0x08001dd9   Thumb Code   100  gd32f1x0_adc.o(.text)
    adc_data_alignment_config                0x08001e3d   Thumb Code    26  gd32f1x0_adc.o(.text)
    adc_channel_length_config                0x08001e59   Thumb Code    98  gd32f1x0_adc.o(.text)
    adc_regular_channel_config               0x08001ebd   Thumb Code   180  gd32f1x0_adc.o(.text)
    adc_inserted_channel_config              0x08001f71   Thumb Code   118  gd32f1x0_adc.o(.text)
    adc_inserted_channel_offset_config       0x08001fe9   Thumb Code    32  gd32f1x0_adc.o(.text)
    adc_external_trigger_config              0x08002009   Thumb Code    72  gd32f1x0_adc.o(.text)
    adc_external_trigger_source_config       0x08002051   Thumb Code    42  gd32f1x0_adc.o(.text)
    adc_software_trigger_enable              0x0800207d   Thumb Code    36  gd32f1x0_adc.o(.text)
    adc_regular_data_read                    0x080020a1   Thumb Code    14  gd32f1x0_adc.o(.text)
    adc_inserted_data_read                   0x080020b1   Thumb Code    74  gd32f1x0_adc.o(.text)
    adc_flag_get                             0x080020fd   Thumb Code    18  gd32f1x0_adc.o(.text)
    adc_flag_clear                           0x08002111   Thumb Code    18  gd32f1x0_adc.o(.text)
    adc_interrupt_flag_get                   0x08002125   Thumb Code    56  gd32f1x0_adc.o(.text)
    adc_interrupt_flag_clear                 0x0800215d   Thumb Code    18  gd32f1x0_adc.o(.text)
    adc_interrupt_enable                     0x08002171   Thumb Code    48  gd32f1x0_adc.o(.text)
    adc_interrupt_disable                    0x080021a1   Thumb Code    48  gd32f1x0_adc.o(.text)
    adc_watchdog_single_channel_enable       0x080021d1   Thumb Code    42  gd32f1x0_adc.o(.text)
    adc_watchdog_group_channel_enable        0x080021fd   Thumb Code    48  gd32f1x0_adc.o(.text)
    adc_watchdog_disable                     0x08002239   Thumb Code    24  gd32f1x0_adc.o(.text)
    adc_watchdog_threshold_config            0x08002251   Thumb Code    14  gd32f1x0_adc.o(.text)
    dma_deinit                               0x08002261   Thumb Code    48  gd32f1x0_dma.o(.text)
    dma_init                                 0x08002291   Thumb Code   112  gd32f1x0_dma.o(.text)
    dma_circulation_enable                   0x08002301   Thumb Code    24  gd32f1x0_dma.o(.text)
    dma_circulation_disable                  0x08002319   Thumb Code    24  gd32f1x0_dma.o(.text)
    dma_memory_to_memory_enable              0x08002331   Thumb Code    24  gd32f1x0_dma.o(.text)
    dma_memory_to_memory_disable             0x08002349   Thumb Code    24  gd32f1x0_dma.o(.text)
    dma_channel_enable                       0x08002361   Thumb Code    24  gd32f1x0_dma.o(.text)
    dma_channel_disable                      0x08002379   Thumb Code    24  gd32f1x0_dma.o(.text)
    dma_periph_address_config                0x08002391   Thumb Code    16  gd32f1x0_dma.o(.text)
    dma_memory_address_config                0x080023a1   Thumb Code    16  gd32f1x0_dma.o(.text)
    dma_transfer_number_config               0x080023b1   Thumb Code    16  gd32f1x0_dma.o(.text)
    dma_transfer_number_get                  0x080023c1   Thumb Code    16  gd32f1x0_dma.o(.text)
    dma_priority_config                      0x080023d1   Thumb Code    26  gd32f1x0_dma.o(.text)
    dma_memory_width_config                  0x080023ed   Thumb Code    26  gd32f1x0_dma.o(.text)
    dma_periph_width_config                  0x08002409   Thumb Code    26  gd32f1x0_dma.o(.text)
    dma_memory_increase_enable               0x08002425   Thumb Code    24  gd32f1x0_dma.o(.text)
    dma_memory_increase_disable              0x0800243d   Thumb Code    24  gd32f1x0_dma.o(.text)
    dma_periph_increase_enable               0x08002455   Thumb Code    24  gd32f1x0_dma.o(.text)
    dma_periph_increase_disable              0x0800246d   Thumb Code    24  gd32f1x0_dma.o(.text)
    dma_transfer_direction_config            0x08002485   Thumb Code    30  gd32f1x0_dma.o(.text)
    dma_interrupt_flag_get                   0x080024a5   Thumb Code   116  gd32f1x0_dma.o(.text)
    dma_interrupt_flag_clear                 0x08002519   Thumb Code    20  gd32f1x0_dma.o(.text)
    dma_interrupt_enable                     0x0800252d   Thumb Code    22  gd32f1x0_dma.o(.text)
    dma_interrupt_disable                    0x08002545   Thumb Code    24  gd32f1x0_dma.o(.text)
    dma_flag_get                             0x0800255d   Thumb Code    22  gd32f1x0_dma.o(.text)
    dma_flag_clear                           0x08002575   Thumb Code    20  gd32f1x0_dma.o(.text)
    fwdgt_write_disable                      0x08002589   Thumb Code    14  gd32f1x0_fwdgt.o(.text)
    fwdgt_counter_reload                     0x08002599   Thumb Code    16  gd32f1x0_fwdgt.o(.text)
    fwdgt_enable                             0x080025a9   Thumb Code    16  gd32f1x0_fwdgt.o(.text)
    fwdgt_window_value_config                0x080025b9   Thumb Code    52  gd32f1x0_fwdgt.o(.text)
    fwdgt_config                             0x080025ed   Thumb Code   100  gd32f1x0_fwdgt.o(.text)
    fwdgt_flag_get                           0x08002651   Thumb Code    18  gd32f1x0_fwdgt.o(.text)
    gpio_deinit                              0x08002665   Thumb Code    58  gd32f1x0_gpio.o(.text)
    gpio_mode_set                            0x080026a1   Thumb Code    84  gd32f1x0_gpio.o(.text)
    gpio_output_options_set                  0x080026f5   Thumb Code    70  gd32f1x0_gpio.o(.text)
    gpio_bit_set                             0x0800273d   Thumb Code     4  gd32f1x0_gpio.o(.text)
    gpio_bit_reset                           0x08002741   Thumb Code     4  gd32f1x0_gpio.o(.text)
    gpio_bit_write                           0x08002745   Thumb Code    12  gd32f1x0_gpio.o(.text)
    gpio_port_write                          0x08002751   Thumb Code     4  gd32f1x0_gpio.o(.text)
    gpio_input_bit_get                       0x08002755   Thumb Code    10  gd32f1x0_gpio.o(.text)
    gpio_input_port_get                      0x08002761   Thumb Code     6  gd32f1x0_gpio.o(.text)
    gpio_output_bit_get                      0x08002769   Thumb Code    10  gd32f1x0_gpio.o(.text)
    gpio_output_port_get                     0x08002775   Thumb Code     6  gd32f1x0_gpio.o(.text)
    gpio_af_set                              0x0800277d   Thumb Code   110  gd32f1x0_gpio.o(.text)
    gpio_pin_lock                            0x080027ed   Thumb Code    16  gd32f1x0_gpio.o(.text)
    nvic_priority_group_set                  0x080027fd   Thumb Code    20  gd32f1x0_misc.o(.text)
    nvic_irq_enable                          0x08002811   Thumb Code   168  gd32f1x0_misc.o(.text)
    nvic_irq_disable                         0x080028b9   Thumb Code    30  gd32f1x0_misc.o(.text)
    nvic_vector_table_set                    0x080028d9   Thumb Code    24  gd32f1x0_misc.o(.text)
    system_lowpower_set                      0x080028f1   Thumb Code    16  gd32f1x0_misc.o(.text)
    system_lowpower_reset                    0x08002901   Thumb Code    18  gd32f1x0_misc.o(.text)
    systick_clksource_set                    0x08002915   Thumb Code    24  gd32f1x0_misc.o(.text)
    rcu_deinit                               0x0800292d   Thumb Code   112  gd32f1x0_rcu.o(.text)
    rcu_periph_clock_enable                  0x0800299d   Thumb Code    30  gd32f1x0_rcu.o(.text)
    rcu_periph_clock_disable                 0x080029bd   Thumb Code    32  gd32f1x0_rcu.o(.text)
    rcu_periph_clock_sleep_enable            0x080029dd   Thumb Code    30  gd32f1x0_rcu.o(.text)
    rcu_periph_clock_sleep_disable           0x080029fd   Thumb Code    32  gd32f1x0_rcu.o(.text)
    rcu_periph_reset_enable                  0x08002a1d   Thumb Code    30  gd32f1x0_rcu.o(.text)
    rcu_periph_reset_disable                 0x08002a3d   Thumb Code    32  gd32f1x0_rcu.o(.text)
    rcu_bkp_reset_enable                     0x08002a5d   Thumb Code    18  gd32f1x0_rcu.o(.text)
    rcu_bkp_reset_disable                    0x08002a71   Thumb Code    18  gd32f1x0_rcu.o(.text)
    rcu_system_clock_source_config           0x08002a85   Thumb Code    20  gd32f1x0_rcu.o(.text)
    rcu_system_clock_source_get              0x08002a99   Thumb Code    16  gd32f1x0_rcu.o(.text)
    rcu_ahb_clock_config                     0x08002aa9   Thumb Code    20  gd32f1x0_rcu.o(.text)
    rcu_apb1_clock_config                    0x08002abd   Thumb Code    20  gd32f1x0_rcu.o(.text)
    rcu_apb2_clock_config                    0x08002ad1   Thumb Code    20  gd32f1x0_rcu.o(.text)
    rcu_adc_clock_config                     0x08002ae5   Thumb Code    88  gd32f1x0_rcu.o(.text)
    rcu_usbd_clock_config                    0x08002b3d   Thumb Code    24  gd32f1x0_rcu.o(.text)
    rcu_ckout_config                         0x08002b55   Thumb Code    22  gd32f1x0_rcu.o(.text)
    rcu_pll_config                           0x08002b6d   Thumb Code    36  gd32f1x0_rcu.o(.text)
    rcu_usart_clock_config                   0x08002b91   Thumb Code    24  gd32f1x0_rcu.o(.text)
    rcu_cec_clock_config                     0x08002ba9   Thumb Code    24  gd32f1x0_rcu.o(.text)
    rcu_rtc_clock_config                     0x08002bc1   Thumb Code    24  gd32f1x0_rcu.o(.text)
    rcu_hxtal_prediv_config                  0x08002bd9   Thumb Code    20  gd32f1x0_rcu.o(.text)
    rcu_lxtal_drive_capability_config        0x08002bed   Thumb Code    24  gd32f1x0_rcu.o(.text)
    rcu_flag_get                             0x08002c05   Thumb Code    26  gd32f1x0_rcu.o(.text)
    rcu_all_reset_flag_clear                 0x08002c21   Thumb Code    18  gd32f1x0_rcu.o(.text)
    rcu_interrupt_flag_get                   0x08002c35   Thumb Code    18  gd32f1x0_rcu.o(.text)
    rcu_interrupt_flag_clear                 0x08002c49   Thumb Code    16  gd32f1x0_rcu.o(.text)
    rcu_interrupt_enable                     0x08002c59   Thumb Code    16  gd32f1x0_rcu.o(.text)
    rcu_interrupt_disable                    0x08002c69   Thumb Code    18  gd32f1x0_rcu.o(.text)
    rcu_osci_stab_wait                       0x08002c7d   Thumb Code   324  gd32f1x0_rcu.o(.text)
    rcu_osci_on                              0x08002dc1   Thumb Code    30  gd32f1x0_rcu.o(.text)
    rcu_osci_off                             0x08002de1   Thumb Code    32  gd32f1x0_rcu.o(.text)
    rcu_osci_bypass_mode_enable              0x08002e01   Thumb Code    64  gd32f1x0_rcu.o(.text)
    rcu_osci_bypass_mode_disable             0x08002e41   Thumb Code    64  gd32f1x0_rcu.o(.text)
    rcu_hxtal_clock_monitor_enable           0x08002e81   Thumb Code    18  gd32f1x0_rcu.o(.text)
    rcu_hxtal_clock_monitor_disable          0x08002e95   Thumb Code    18  gd32f1x0_rcu.o(.text)
    rcu_irc8m_adjust_value_set               0x08002ea9   Thumb Code    22  gd32f1x0_rcu.o(.text)
    rcu_irc14m_adjust_value_set              0x08002ec1   Thumb Code    22  gd32f1x0_rcu.o(.text)
    rcu_voltage_key_unlock                   0x08002ed9   Thumb Code    30  gd32f1x0_rcu.o(.text)
    rcu_deepsleep_voltage_set                0x08002ef9   Thumb Code    24  gd32f1x0_rcu.o(.text)
    rcu_power_down_voltage_set               0x08002f11   Thumb Code    24  gd32f1x0_rcu.o(.text)
    rcu_clock_freq_get                       0x08002f29   Thumb Code   292  gd32f1x0_rcu.o(.text)
    timer_deinit                             0x0800305d   Thumb Code   190  gd32f1x0_timer.o(.text)
    timer_init                               0x0800311d   Thumb Code   136  gd32f1x0_timer.o(.text)
    timer_enable                             0x080031a5   Thumb Code    10  gd32f1x0_timer.o(.text)
    timer_disable                            0x080031b1   Thumb Code    10  gd32f1x0_timer.o(.text)
    timer_auto_reload_shadow_enable          0x080031bd   Thumb Code    10  gd32f1x0_timer.o(.text)
    timer_auto_reload_shadow_disable         0x080031c9   Thumb Code    10  gd32f1x0_timer.o(.text)
    timer_update_event_enable                0x080031d5   Thumb Code    10  gd32f1x0_timer.o(.text)
    timer_update_event_disable               0x080031e1   Thumb Code    10  gd32f1x0_timer.o(.text)
    timer_counter_alignment                  0x080031ed   Thumb Code    16  gd32f1x0_timer.o(.text)
    timer_counter_up_direction               0x080031fd   Thumb Code    14  gd32f1x0_timer.o(.text)
    timer_counter_down_direction             0x0800320d   Thumb Code    18  gd32f1x0_timer.o(.text)
    timer_prescaler_config                   0x08003221   Thumb Code    18  gd32f1x0_timer.o(.text)
    timer_repetition_value_config            0x08003235   Thumb Code     4  gd32f1x0_timer.o(.text)
    timer_autoreload_value_config            0x08003239   Thumb Code     4  gd32f1x0_timer.o(.text)
    timer_counter_value_config               0x0800323d   Thumb Code     4  gd32f1x0_timer.o(.text)
    timer_counter_read                       0x08003241   Thumb Code     4  gd32f1x0_timer.o(.text)
    timer_prescaler_read                     0x08003245   Thumb Code     6  gd32f1x0_timer.o(.text)
    timer_single_pulse_mode_config           0x0800324d   Thumb Code    30  gd32f1x0_timer.o(.text)
    timer_update_source_config               0x0800326d   Thumb Code    30  gd32f1x0_timer.o(.text)
    timer_interrupt_enable                   0x0800328d   Thumb Code     8  gd32f1x0_timer.o(.text)
    timer_interrupt_disable                  0x08003295   Thumb Code    10  gd32f1x0_timer.o(.text)
    timer_interrupt_flag_get                 0x080032a1   Thumb Code    22  gd32f1x0_timer.o(.text)
    timer_interrupt_flag_clear               0x080032b9   Thumb Code    10  gd32f1x0_timer.o(.text)
    timer_flag_get                           0x080032c5   Thumb Code    14  gd32f1x0_timer.o(.text)
    timer_flag_clear                         0x080032d5   Thumb Code    10  gd32f1x0_timer.o(.text)
    timer_dma_enable                         0x080032e1   Thumb Code     8  gd32f1x0_timer.o(.text)
    timer_dma_disable                        0x080032e9   Thumb Code    10  gd32f1x0_timer.o(.text)
    timer_channel_dma_request_source_select  0x080032f5   Thumb Code    30  gd32f1x0_timer.o(.text)
    timer_dma_transfer_config                0x08003315   Thumb Code    24  gd32f1x0_timer.o(.text)
    timer_event_software_generate            0x0800332d   Thumb Code     8  gd32f1x0_timer.o(.text)
    timer_break_config                       0x08003335   Thumb Code    38  gd32f1x0_timer.o(.text)
    timer_break_enable                       0x0800335d   Thumb Code    10  gd32f1x0_timer.o(.text)
    timer_break_disable                      0x08003369   Thumb Code     8  gd32f1x0_timer.o(.text)
    timer_automatic_output_enable            0x08003371   Thumb Code    10  gd32f1x0_timer.o(.text)
    timer_automatic_output_disable           0x0800337d   Thumb Code     8  gd32f1x0_timer.o(.text)
    timer_primary_output_config              0x08003385   Thumb Code    18  gd32f1x0_timer.o(.text)
    timer_channel_control_shadow_config      0x08003399   Thumb Code    16  gd32f1x0_timer.o(.text)
    timer_channel_control_shadow_update_config 0x080033a9   Thumb Code    30  gd32f1x0_timer.o(.text)
    timer_channel_output_config              0x080033c9   Thumb Code   492  gd32f1x0_timer.o(.text)
    timer_channel_output_mode_config         0x080035b5   Thumb Code    58  gd32f1x0_timer.o(.text)
    timer_channel_output_pulse_value_config  0x080035f1   Thumb Code    12  gd32f1x0_timer.o(.text)
    timer_channel_output_shadow_config       0x080035fd   Thumb Code    58  gd32f1x0_timer.o(.text)
    timer_channel_output_fast_config         0x08003639   Thumb Code    58  gd32f1x0_timer.o(.text)
    timer_channel_output_clear_config        0x08003675   Thumb Code    58  gd32f1x0_timer.o(.text)
    timer_channel_output_polarity_config     0x080036b1   Thumb Code    74  gd32f1x0_timer.o(.text)
    timer_channel_complementary_output_polarity_config 0x080036fd   Thumb Code    60  gd32f1x0_timer.o(.text)
    timer_ocpre_clear_source_config          0x08003739   Thumb Code    28  gd32f1x0_timer.o(.text)
    timer_channel_output_state_config        0x08003755   Thumb Code    74  gd32f1x0_timer.o(.text)
    timer_channel_complementary_output_state_config 0x080037a1   Thumb Code    60  gd32f1x0_timer.o(.text)
    timer_input_capture_config               0x080037dd   Thumb Code   346  gd32f1x0_timer.o(.text)
    timer_channel_input_capture_prescaler_config 0x08003939   Thumb Code    58  gd32f1x0_timer.o(.text)
    timer_channel_capture_value_register_read 0x08003975   Thumb Code    14  gd32f1x0_timer.o(.text)
    timer_input_pwm_capture_config           0x08003985   Thumb Code   352  gd32f1x0_timer.o(.text)
    timer_hall_mode_config                   0x08003ae5   Thumb Code    30  gd32f1x0_timer.o(.text)
    timer_input_trigger_source_select        0x08003b05   Thumb Code    16  gd32f1x0_timer.o(.text)
    timer_master_output_trigger_source_select 0x08003b15   Thumb Code    16  gd32f1x0_timer.o(.text)
    timer_slave_mode_select                  0x08003b25   Thumb Code    16  gd32f1x0_timer.o(.text)
    timer_master_slave_mode_config           0x08003b35   Thumb Code    30  gd32f1x0_timer.o(.text)
    timer_external_trigger_config            0x08003b55   Thumb Code    34  gd32f1x0_timer.o(.text)
    timer_quadrature_decoder_mode_config     0x08003b79   Thumb Code    78  gd32f1x0_timer.o(.text)
    timer_internal_clock_config              0x08003bc9   Thumb Code     8  gd32f1x0_timer.o(.text)
    timer_internal_trigger_as_external_clock_config 0x08003bd1   Thumb Code    32  gd32f1x0_timer.o(.text)
    timer_external_trigger_as_external_clock_config 0x08003bf1   Thumb Code   174  gd32f1x0_timer.o(.text)
    timer_external_clock_mode0_config        0x08003ca1   Thumb Code    66  gd32f1x0_timer.o(.text)
    timer_external_clock_mode1_config        0x08003ce5   Thumb Code    42  gd32f1x0_timer.o(.text)
    timer_external_clock_mode1_disable       0x08003d11   Thumb Code    10  gd32f1x0_timer.o(.text)
    timer_channel_remap_config               0x08003d1d   Thumb Code     8  gd32f1x0_timer.o(.text)
    usart_deinit                             0x08003d25   Thumb Code    52  gd32f1x0_usart.o(.text)
    usart_baudrate_set                       0x08003d59   Thumb Code    90  gd32f1x0_usart.o(.text)
    usart_parity_config                      0x08003db5   Thumb Code    24  gd32f1x0_usart.o(.text)
    usart_word_length_set                    0x08003dcd   Thumb Code    24  gd32f1x0_usart.o(.text)
    usart_stop_bit_set                       0x08003de5   Thumb Code    24  gd32f1x0_usart.o(.text)
    usart_enable                             0x08003dfd   Thumb Code    10  gd32f1x0_usart.o(.text)
    usart_disable                            0x08003e09   Thumb Code    10  gd32f1x0_usart.o(.text)
    usart_transmit_config                    0x08003e15   Thumb Code    16  gd32f1x0_usart.o(.text)
    usart_receive_config                     0x08003e25   Thumb Code    16  gd32f1x0_usart.o(.text)
    usart_data_transmit                      0x08003e35   Thumb Code     8  gd32f1x0_usart.o(.text)
    usart_data_receive                       0x08003e3d   Thumb Code     8  gd32f1x0_usart.o(.text)
    usart_data_first_config                  0x08003e45   Thumb Code    28  gd32f1x0_usart.o(.text)
    usart_invert_config                      0x08003e61   Thumb Code   106  gd32f1x0_usart.o(.text)
    usart_overrun_enable                     0x08003ecd   Thumb Code    18  gd32f1x0_usart.o(.text)
    usart_overrun_disable                    0x08003ee1   Thumb Code    18  gd32f1x0_usart.o(.text)
    usart_oversample_config                  0x08003ef5   Thumb Code    24  gd32f1x0_usart.o(.text)
    usart_sample_bit_config                  0x08003f0d   Thumb Code    24  gd32f1x0_usart.o(.text)
    usart_autobaud_detection_enable          0x08003f25   Thumb Code    10  gd32f1x0_usart.o(.text)
    usart_autobaud_detection_disable         0x08003f31   Thumb Code    10  gd32f1x0_usart.o(.text)
    usart_autobaud_detection_mode_config     0x08003f3d   Thumb Code    16  gd32f1x0_usart.o(.text)
    usart_mute_mode_enable                   0x08003f4d   Thumb Code    10  gd32f1x0_usart.o(.text)
    usart_mute_mode_disable                  0x08003f59   Thumb Code    10  gd32f1x0_usart.o(.text)
    usart_mute_mode_wakeup_config            0x08003f65   Thumb Code    24  gd32f1x0_usart.o(.text)
    usart_address_detection_mode_config      0x08003f7d   Thumb Code    28  gd32f1x0_usart.o(.text)
    usart_address_config                     0x08003f99   Thumb Code    26  gd32f1x0_usart.o(.text)
    usart_receiver_timeout_enable            0x08003fb5   Thumb Code    10  gd32f1x0_usart.o(.text)
    usart_receiver_timeout_disable           0x08003fc1   Thumb Code    10  gd32f1x0_usart.o(.text)
    usart_receiver_timeout_config            0x08003fcd   Thumb Code    16  gd32f1x0_usart.o(.text)
    usart_lin_mode_enable                    0x08003fdd   Thumb Code    18  gd32f1x0_usart.o(.text)
    usart_lin_mode_disable                   0x08003ff1   Thumb Code    18  gd32f1x0_usart.o(.text)
    usart_lin_break_dection_length_config    0x08004005   Thumb Code    20  gd32f1x0_usart.o(.text)
    usart_halfduplex_enable                  0x08004019   Thumb Code    18  gd32f1x0_usart.o(.text)
    usart_halfduplex_disable                 0x0800402d   Thumb Code    18  gd32f1x0_usart.o(.text)
    usart_clock_enable                       0x08004041   Thumb Code    18  gd32f1x0_usart.o(.text)
    usart_clock_disable                      0x08004055   Thumb Code    18  gd32f1x0_usart.o(.text)
    usart_synchronous_clock_config           0x08004069   Thumb Code    60  gd32f1x0_usart.o(.text)
    usart_smartcard_mode_enable              0x080040a5   Thumb Code    18  gd32f1x0_usart.o(.text)
    usart_smartcard_mode_disable             0x080040b9   Thumb Code    18  gd32f1x0_usart.o(.text)
    usart_smartcard_mode_nack_enable         0x080040cd   Thumb Code    18  gd32f1x0_usart.o(.text)
    usart_smartcard_mode_nack_disable        0x080040e1   Thumb Code    18  gd32f1x0_usart.o(.text)
    usart_guard_time_config                  0x080040f5   Thumb Code    28  gd32f1x0_usart.o(.text)
    usart_block_length_config                0x08004111   Thumb Code    18  gd32f1x0_usart.o(.text)
    usart_smartcard_autoretry_config         0x08004125   Thumb Code    30  gd32f1x0_usart.o(.text)
    usart_irda_mode_enable                   0x08004145   Thumb Code    18  gd32f1x0_usart.o(.text)
    usart_irda_mode_disable                  0x08004159   Thumb Code    18  gd32f1x0_usart.o(.text)
    usart_irda_lowpower_config               0x0800416d   Thumb Code    20  gd32f1x0_usart.o(.text)
    usart_prescaler_config                   0x08004181   Thumb Code    24  gd32f1x0_usart.o(.text)
    usart_hardware_flow_rts_config           0x08004199   Thumb Code    24  gd32f1x0_usart.o(.text)
    usart_hardware_flow_cts_config           0x080041b1   Thumb Code    24  gd32f1x0_usart.o(.text)
    usart_rs485_driver_enable                0x080041c9   Thumb Code    18  gd32f1x0_usart.o(.text)
    usart_rs485_driver_disable               0x080041dd   Thumb Code    18  gd32f1x0_usart.o(.text)
    usart_driver_assertime_config            0x080041f1   Thumb Code    30  gd32f1x0_usart.o(.text)
    usart_driver_deassertime_config          0x08004211   Thumb Code    30  gd32f1x0_usart.o(.text)
    usart_depolarity_config                  0x08004231   Thumb Code    28  gd32f1x0_usart.o(.text)
    usart_dma_receive_config                 0x0800424d   Thumb Code    16  gd32f1x0_usart.o(.text)
    usart_dma_transmit_config                0x0800425d   Thumb Code    16  gd32f1x0_usart.o(.text)
    usart_reception_error_dma_disable        0x0800426d   Thumb Code    18  gd32f1x0_usart.o(.text)
    usart_reception_error_dma_enable         0x08004281   Thumb Code    18  gd32f1x0_usart.o(.text)
    usart_wakeup_enable                      0x08004295   Thumb Code    10  gd32f1x0_usart.o(.text)
    usart_wakeup_disable                     0x080042a1   Thumb Code    10  gd32f1x0_usart.o(.text)
    usart_wakeup_mode_config                 0x080042ad   Thumb Code    28  gd32f1x0_usart.o(.text)
    usart_flag_get                           0x080042c9   Thumb Code    16  gd32f1x0_usart.o(.text)
    usart_flag_clear                         0x080042d9   Thumb Code    18  gd32f1x0_usart.o(.text)
    usart_interrupt_enable                   0x080042ed   Thumb Code    24  gd32f1x0_usart.o(.text)
    usart_interrupt_disable                  0x08004305   Thumb Code    26  gd32f1x0_usart.o(.text)
    usart_command_enable                     0x08004321   Thumb Code     8  gd32f1x0_usart.o(.text)
    usart_interrupt_flag_get                 0x08004329   Thumb Code    34  gd32f1x0_usart.o(.text)
    usart_interrupt_flag_clear               0x0800434d   Thumb Code    18  gd32f1x0_usart.o(.text)
    Reset_Handler                            0x08004361   Thumb Code     8  startup_gd32f1x0.o(.text)
    ADC_CMP_IRQHandler                       0x0800437b   Thumb Code     0  startup_gd32f1x0.o(.text)
    CAN0_RX0_IRQHandler                      0x0800437b   Thumb Code     0  startup_gd32f1x0.o(.text)
    CAN0_RX1_IRQHandler                      0x0800437b   Thumb Code     0  startup_gd32f1x0.o(.text)
    CAN0_SCE_IRQHandler                      0x0800437b   Thumb Code     0  startup_gd32f1x0.o(.text)
    CAN0_TX_IRQHandler                       0x0800437b   Thumb Code     0  startup_gd32f1x0.o(.text)
    CAN1_RX0_IRQHandler                      0x0800437b   Thumb Code     0  startup_gd32f1x0.o(.text)
    CAN1_RX1_IRQHandler                      0x0800437b   Thumb Code     0  startup_gd32f1x0.o(.text)
    CAN1_SCE_IRQHandler                      0x0800437b   Thumb Code     0  startup_gd32f1x0.o(.text)
    CAN1_TX_IRQHandler                       0x0800437b   Thumb Code     0  startup_gd32f1x0.o(.text)
    CEC_IRQHandler                           0x0800437b   Thumb Code     0  startup_gd32f1x0.o(.text)
    DMA_Channel5_6_IRQHandler                0x0800437b   Thumb Code     0  startup_gd32f1x0.o(.text)
    EXTI0_1_IRQHandler                       0x0800437b   Thumb Code     0  startup_gd32f1x0.o(.text)
    EXTI2_3_IRQHandler                       0x0800437b   Thumb Code     0  startup_gd32f1x0.o(.text)
    EXTI4_15_IRQHandler                      0x0800437b   Thumb Code     0  startup_gd32f1x0.o(.text)
    FMC_IRQHandler                           0x0800437b   Thumb Code     0  startup_gd32f1x0.o(.text)
    I2C0_ER_IRQHandler                       0x0800437b   Thumb Code     0  startup_gd32f1x0.o(.text)
    I2C0_EV_IRQHandler                       0x0800437b   Thumb Code     0  startup_gd32f1x0.o(.text)
    I2C1_ER_IRQHandler                       0x0800437b   Thumb Code     0  startup_gd32f1x0.o(.text)
    I2C1_EV_IRQHandler                       0x0800437b   Thumb Code     0  startup_gd32f1x0.o(.text)
    I2C2_ER_IRQHandler                       0x0800437b   Thumb Code     0  startup_gd32f1x0.o(.text)
    I2C2_EV_IRQHandler                       0x0800437b   Thumb Code     0  startup_gd32f1x0.o(.text)
    LVD_IRQHandler                           0x0800437b   Thumb Code     0  startup_gd32f1x0.o(.text)
    RCU_IRQHandler                           0x0800437b   Thumb Code     0  startup_gd32f1x0.o(.text)
    RTC_IRQHandler                           0x0800437b   Thumb Code     0  startup_gd32f1x0.o(.text)
    SLCD_IRQHandler                          0x0800437b   Thumb Code     0  startup_gd32f1x0.o(.text)
    SPI0_IRQHandler                          0x0800437b   Thumb Code     0  startup_gd32f1x0.o(.text)
    SPI1_IRQHandler                          0x0800437b   Thumb Code     0  startup_gd32f1x0.o(.text)
    SPI2_IRQHandler                          0x0800437b   Thumb Code     0  startup_gd32f1x0.o(.text)
    TIMER0_Channel_IRQHandler                0x0800437b   Thumb Code     0  startup_gd32f1x0.o(.text)
    TIMER14_IRQHandler                       0x0800437b   Thumb Code     0  startup_gd32f1x0.o(.text)
    TIMER15_IRQHandler                       0x0800437b   Thumb Code     0  startup_gd32f1x0.o(.text)
    TIMER16_IRQHandler                       0x0800437b   Thumb Code     0  startup_gd32f1x0.o(.text)
    TIMER1_IRQHandler                        0x0800437b   Thumb Code     0  startup_gd32f1x0.o(.text)
    TIMER2_IRQHandler                        0x0800437b   Thumb Code     0  startup_gd32f1x0.o(.text)
    TIMER5_DAC_IRQHandler                    0x0800437b   Thumb Code     0  startup_gd32f1x0.o(.text)
    TSI_IRQHandler                           0x0800437b   Thumb Code     0  startup_gd32f1x0.o(.text)
    USART0_IRQHandler                        0x0800437b   Thumb Code     0  startup_gd32f1x0.o(.text)
    USART1_IRQHandler                        0x0800437b   Thumb Code     0  startup_gd32f1x0.o(.text)
    USBDWakeUp_IRQHandler                    0x0800437b   Thumb Code     0  startup_gd32f1x0.o(.text)
    USBD_HP_IRQHandler                       0x0800437b   Thumb Code     0  startup_gd32f1x0.o(.text)
    USBD_LP_IRQHandler                       0x0800437b   Thumb Code     0  startup_gd32f1x0.o(.text)
    WWDGT_IRQHandler                         0x0800437b   Thumb Code     0  startup_gd32f1x0.o(.text)
    __user_initial_stackheap                 0x0800437d   Thumb Code    10  startup_gd32f1x0.o(.text)
    SystemInit                               0x080043a1   Thumb Code   188  system_gd32f1x0.o(.text)
    SystemCoreClockUpdate                    0x0800445d   Thumb Code   112  system_gd32f1x0.o(.text)
    __2sprintf                               0x080044dd   Thumb Code    34  noretval__2sprintf.o(.text)
    _printf_pre_padding                      0x08004505   Thumb Code    44  _printf_pad.o(.text)
    _printf_post_padding                     0x08004531   Thumb Code    34  _printf_pad.o(.text)
    _printf_int_dec                          0x08004555   Thumb Code   104  _printf_dec.o(.text)
    __printf                                 0x080045cd   Thumb Code   308  __printf_flags_wp.o(.text)
    __use_two_region_memory                  0x08004705   Thumb Code     2  heapauxi.o(.text)
    __rt_heap_escrow$2region                 0x08004707   Thumb Code     2  heapauxi.o(.text)
    __rt_heap_expand$2region                 0x08004709   Thumb Code     2  heapauxi.o(.text)
    _printf_int_common                       0x0800470b   Thumb Code   178  _printf_intcommon.o(.text)
    _printf_char_common                      0x080047c7   Thumb Code    32  _printf_char_common.o(.text)
    _sputc                                   0x080047ed   Thumb Code    10  _sputc.o(.text)
    __user_setup_stackheap                   0x080047f7   Thumb Code    74  sys_stackheap_outer.o(.text)
    exit                                     0x08004841   Thumb Code    18  exit.o(.text)
    __user_libspace                          0x08004855   Thumb Code     8  libspace.o(.text)
    __user_perproc_libspace                  0x08004855   Thumb Code     0  libspace.o(.text)
    __user_perthread_libspace                0x08004855   Thumb Code     0  libspace.o(.text)
    _sys_exit                                0x0800485d   Thumb Code     8  sys_exit.o(.text)
    __I$use$semihosting                      0x08004869   Thumb Code     0  use_no_semi.o(.text)
    __use_no_semihosting_swi                 0x08004869   Thumb Code     2  use_no_semi.o(.text)
    __semihosting_library_function           0x0800486b   Thumb Code     0  indicate_semi.o(.text)
    _is_digit                                0x0800486b   Thumb Code    14  __printf_wp.o(i._is_digit)
    __aeabi_d2f                              0x08004879   Thumb Code     0  d2f.o(x$fpl$d2f)
    _d2f                                     0x08004879   Thumb Code    98  d2f.o(x$fpl$d2f)
    __aeabi_dadd                             0x080048dd   Thumb Code     0  daddsub_clz.o(x$fpl$dadd)
    _dadd                                    0x080048dd   Thumb Code   332  daddsub_clz.o(x$fpl$dadd)
    __aeabi_i2d                              0x08004a2d   Thumb Code     0  dflt_clz.o(x$fpl$dflt)
    _dflt                                    0x08004a2d   Thumb Code    46  dflt_clz.o(x$fpl$dflt)
    __aeabi_ui2d                             0x08004a5b   Thumb Code     0  dflt_clz.o(x$fpl$dfltu)
    _dfltu                                   0x08004a5b   Thumb Code    38  dflt_clz.o(x$fpl$dfltu)
    __aeabi_dmul                             0x08004a81   Thumb Code     0  dmul.o(x$fpl$dmul)
    _dmul                                    0x08004a81   Thumb Code   332  dmul.o(x$fpl$dmul)
    __fpl_dnaninf                            0x08004bd5   Thumb Code   156  dnaninf.o(x$fpl$dnaninf)
    __fpl_dretinf                            0x08004c71   Thumb Code    12  dretinf.o(x$fpl$dretinf)
    __aeabi_dsub                             0x08004c7d   Thumb Code     0  daddsub_clz.o(x$fpl$dsub)
    _dsub                                    0x08004c7d   Thumb Code   472  daddsub_clz.o(x$fpl$dsub)
    __aeabi_f2d                              0x08004e59   Thumb Code     0  f2d.o(x$fpl$f2d)
    _f2d                                     0x08004e59   Thumb Code    86  f2d.o(x$fpl$f2d)
    __aeabi_fcmpeq                           0x08004eaf   Thumb Code     0  fcmp.o(x$fpl$fcmp)
    _feq                                     0x08004eaf   Thumb Code    14  fcmp.o(x$fpl$fcmp)
    _fneq                                    0x08004ebd   Thumb Code    14  fcmp.o(x$fpl$fcmp)
    __aeabi_fcmpgt                           0x08004ecb   Thumb Code     0  fcmp.o(x$fpl$fcmp)
    _fgr                                     0x08004ecb   Thumb Code    14  fcmp.o(x$fpl$fcmp)
    __aeabi_fcmpge                           0x08004ed9   Thumb Code     0  fcmp.o(x$fpl$fcmp)
    _fgeq                                    0x08004ed9   Thumb Code    14  fcmp.o(x$fpl$fcmp)
    __aeabi_fcmple                           0x08004ee7   Thumb Code     0  fcmp.o(x$fpl$fcmp)
    _fleq                                    0x08004ee7   Thumb Code    14  fcmp.o(x$fpl$fcmp)
    __aeabi_fcmplt                           0x08004ef5   Thumb Code     0  fcmp.o(x$fpl$fcmp)
    _fls                                     0x08004ef5   Thumb Code    14  fcmp.o(x$fpl$fcmp)
    __fpl_fcmp_Inf                           0x08004f03   Thumb Code    24  fcmpi.o(x$fpl$fcmpinf)
    __aeabi_fdiv                             0x08004f1d   Thumb Code     0  fdiv.o(x$fpl$fdiv)
    _fdiv                                    0x08004f1d   Thumb Code   384  fdiv.o(x$fpl$fdiv)
    __aeabi_cfcmpeq                          0x080050a1   Thumb Code     0  feqf.o(x$fpl$feqf)
    _fcmpeq                                  0x080050a1   Thumb Code   104  feqf.o(x$fpl$feqf)
    __aeabi_f2iz                             0x08005109   Thumb Code     0  ffix.o(x$fpl$ffix)
    _ffix                                    0x08005109   Thumb Code    54  ffix.o(x$fpl$ffix)
    __aeabi_ui2f                             0x08005141   Thumb Code     0  fflt_clz.o(x$fpl$ffltu)
    _ffltu                                   0x08005141   Thumb Code    38  fflt_clz.o(x$fpl$ffltu)
    _fcmpge                                  0x08005169   Thumb Code   104  fgeqf.o(x$fpl$fgeqf)
    __aeabi_cfcmple                          0x080051d1   Thumb Code     0  fleqf.o(x$fpl$fleqf)
    _fcmple                                  0x080051d1   Thumb Code   104  fleqf.o(x$fpl$fleqf)
    __fpl_fcmple_InfNaN                      0x08005223   Thumb Code     0  fleqf.o(x$fpl$fleqf)
    __aeabi_fmul                             0x08005239   Thumb Code     0  fmul.o(x$fpl$fmul)
    _fmul                                    0x08005239   Thumb Code   258  fmul.o(x$fpl$fmul)
    __fpl_fnaninf                            0x0800533b   Thumb Code   140  fnaninf.o(x$fpl$fnaninf)
    __fpl_fretinf                            0x080053c7   Thumb Code    10  fretinf.o(x$fpl$fretinf)
    __I$use$fp                               0x080053d0   Number         0  usenofp.o(x$fpl$usenofp)
    hall_to_pos                              0x08005404   Data           8  bldc.o(.rodata.hall_to_pos)
    Region$$Table$$Base                      0x08005458   Number         0  anon$$obj.o(Region$$Table)
    Region$$Table$$Limit                     0x08005478   Number         0  anon$$obj.o(Region$$Table)
    SystemCoreClock                          0x20000000   Data           4  system_gd32f1x0.o(.data.SystemCoreClock)
    batteryVoltage                           0x20000004   Data           4  bldc.o(.data.batteryVoltage)
    offsetdc                                 0x2000000a   Data           2  bldc.o(.data.offsetdc)
    timedOut                                 0x20000014   Data           1  it.o(.data.timedOut)
    __libspace_start                         0x20000018   Data          96  libspace.o(.bss)
    __temporary_stack_top$libspace           0x20000078   Data           0  libspace.o(.bss)
    adc_buffer                               0x20000078   Data           4  bldc.o(.bss.adc_buffer)
    batteryMaster                            0x2000007c   Data           2  commsmasterslave.o(.bss.batteryMaster)
    beepsBackwardsMaster                     0x2000007e   Data           1  commsmasterslave.o(.bss.beepsBackwardsMaster)
    bldc_enable                              0x2000007f   Data           1  bldc.o(.bss.bldc_enable)
    bldc_inputFilterPwm                      0x20000080   Data           2  bldc.o(.bss.bldc_inputFilterPwm)
    bldc_outputFilterPwm                     0x20000082   Data           2  bldc.o(.bss.bldc_outputFilterPwm)
    buzzerTimer                              0x20000086   Data           2  bldc.o(.bss.buzzerTimer)
    counter_Blue                             0x20000088   Data           1  led.o(.bss.counter_Blue)
    counter_Green                            0x20000089   Data           1  led.o(.bss.counter_Green)
    counter_Red                              0x2000008a   Data           1  led.o(.bss.counter_Red)
    currentDC                                0x2000008c   Data           4  bldc.o(.bss.currentDC)
    currentDCMaster                          0x20000090   Data           2  commsmasterslave.o(.bss.currentDCMaster)
    dir                                      0x20000092   Data           1  bldc.o(.bss.dir)
    dma_init_struct_adc                      0x20000094   Data          36  setup.o(.bss.dma_init_struct_adc)
    dma_init_struct_usart                    0x200000b8   Data          36  setup.o(.bss.dma_init_struct_usart)
    filter_reg                               0x200000e0   Data           4  bldc.o(.bss.filter_reg)
    hall                                     0x200000e4   Data           1  bldc.o(.bss.hall)
    hall_a                                   0x200000e5   Data           1  bldc.o(.bss.hall_a)
    hall_b                                   0x200000e6   Data           1  bldc.o(.bss.hall_b)
    hall_c                                   0x200000e7   Data           1  bldc.o(.bss.hall_c)
    hornCounter_ms                           0x200000e8   Data           4  it.o(.bss.hornCounter_ms)
    lastPos                                  0x200000ee   Data           1  bldc.o(.bss.lastPos)
    lowerLEDMaster                           0x200000ef   Data           1  commsmasterslave.o(.bss.lowerLEDMaster)
    mosfetOutMaster                          0x200000f0   Data           1  commsmasterslave.o(.bss.mosfetOutMaster)
    msTicks                                  0x200000f4   Data           4  it.o(.bss.msTicks)
    offsetcount                              0x200000f8   Data           2  bldc.o(.bss.offsetcount)
    pos                                      0x200000fa   Data           1  bldc.o(.bss.pos)
    realSpeed                                0x200000fc   Data           4  bldc.o(.bss.realSpeed)
    realSpeedMaster                          0x20000100   Data           2  commsmasterslave.o(.bss.realSpeedMaster)
    setValue_Blue                            0x2000011c   Data           1  led.o(.bss.setValue_Blue)
    setValue_Green                           0x2000011d   Data           1  led.o(.bss.setValue_Green)
    setValue_Red                             0x2000011e   Data           1  led.o(.bss.setValue_Red)
    speedCounter                             0x20000120   Data           4  bldc.o(.bss.speedCounter)
    timeoutCounter_ms                        0x20000128   Data           4  it.o(.bss.timeoutCounter_ms)
    timeoutTimer_paramter_struct             0x2000012c   Data          16  setup.o(.bss.timeoutTimer_paramter_struct)
    timerBldc_break_parameter_struct         0x2000013c   Data          14  setup.o(.bss.timerBldc_break_parameter_struct)
    timerBldc_oc_parameter_struct            0x2000014a   Data          12  setup.o(.bss.timerBldc_oc_parameter_struct)
    timerBldc_paramter_struct                0x20000158   Data          16  setup.o(.bss.timerBldc_paramter_struct)
    upperLEDMaster                           0x20000168   Data           1  commsmasterslave.o(.bss.upperLEDMaster)
    usartMasterSlave_rx_buf                  0x20000169   Data           1  setup.o(.bss.usartMasterSlave_rx_buf)
    usartSteer_COM_rx_buf                    0x2000016a   Data           1  setup.o(.bss.usartSteer_COM_rx_buf)



==============================================================================

Memory Map of the image

  Image Entry point : 0x08000169

  Load Region LR_IROM1 (Base: 0x08000000, Size: 0x00005490, Max: 0x00010000, ABSOLUTE)

    Execution Region ER_IROM1 (Exec base: 0x08000000, Load base: 0x08000000, Size: 0x00005478, Max: 0x00010000, ABSOLUTE)

    Exec Addr    Load Addr    Size         Type   Attr      Idx    E Section Name        Object

    0x08000000   0x08000000   0x00000168   Data   RO          254    RESET               startup_gd32f1x0.o
    0x08000168   0x08000168   0x00000008   Code   RO          307  * !!!main             c_w.l(__main.o)
    0x08000170   0x08000170   0x00000034   Code   RO          534    !!!scatter          c_w.l(__scatter.o)
    0x080001a4   0x080001a4   0x0000001a   Code   RO          536    !!handler_copy      c_w.l(__scatter_copy.o)
    0x080001be   0x080001be   0x00000002   PAD
    0x080001c0   0x080001c0   0x0000001c   Code   RO          538    !!handler_zi        c_w.l(__scatter_zi.o)
    0x080001dc   0x080001dc   0x00000000   Code   RO          304    .ARM.Collect$$_printf_percent$$00000000  c_w.l(_printf_percent.o)
    0x080001dc   0x080001dc   0x00000006   Code   RO          303    .ARM.Collect$$_printf_percent$$00000009  c_w.l(_printf_d.o)
    0x080001e2   0x080001e2   0x00000004   Code   RO          352    .ARM.Collect$$_printf_percent$$00000017  c_w.l(_printf_percent_end.o)
    0x080001e6   0x080001e6   0x00000002   Code   RO          396    .ARM.Collect$$libinit$$00000000  c_w.l(libinit.o)
    0x080001e8   0x080001e8   0x00000000   Code   RO          403    .ARM.Collect$$libinit$$00000002  c_w.l(libinit2.o)
    0x080001e8   0x080001e8   0x00000000   Code   RO          405    .ARM.Collect$$libinit$$00000004  c_w.l(libinit2.o)
    0x080001e8   0x080001e8   0x00000000   Code   RO          407    .ARM.Collect$$libinit$$00000006  c_w.l(libinit2.o)
    0x080001e8   0x080001e8   0x00000000   Code   RO          410    .ARM.Collect$$libinit$$0000000C  c_w.l(libinit2.o)
    0x080001e8   0x080001e8   0x00000000   Code   RO          412    .ARM.Collect$$libinit$$0000000E  c_w.l(libinit2.o)
    0x080001e8   0x080001e8   0x00000000   Code   RO          414    .ARM.Collect$$libinit$$00000010  c_w.l(libinit2.o)
    0x080001e8   0x080001e8   0x00000000   Code   RO          417    .ARM.Collect$$libinit$$00000013  c_w.l(libinit2.o)
    0x080001e8   0x080001e8   0x00000000   Code   RO          419    .ARM.Collect$$libinit$$00000015  c_w.l(libinit2.o)
    0x080001e8   0x080001e8   0x00000000   Code   RO          421    .ARM.Collect$$libinit$$00000017  c_w.l(libinit2.o)
    0x080001e8   0x080001e8   0x00000000   Code   RO          423    .ARM.Collect$$libinit$$00000019  c_w.l(libinit2.o)
    0x080001e8   0x080001e8   0x00000000   Code   RO          425    .ARM.Collect$$libinit$$0000001B  c_w.l(libinit2.o)
    0x080001e8   0x080001e8   0x00000000   Code   RO          427    .ARM.Collect$$libinit$$0000001D  c_w.l(libinit2.o)
    0x080001e8   0x080001e8   0x00000000   Code   RO          429    .ARM.Collect$$libinit$$0000001F  c_w.l(libinit2.o)
    0x080001e8   0x080001e8   0x00000000   Code   RO          431    .ARM.Collect$$libinit$$00000021  c_w.l(libinit2.o)
    0x080001e8   0x080001e8   0x00000000   Code   RO          433    .ARM.Collect$$libinit$$00000023  c_w.l(libinit2.o)
    0x080001e8   0x080001e8   0x00000000   Code   RO          435    .ARM.Collect$$libinit$$00000025  c_w.l(libinit2.o)
    0x080001e8   0x080001e8   0x00000000   Code   RO          437    .ARM.Collect$$libinit$$00000027  c_w.l(libinit2.o)
    0x080001e8   0x080001e8   0x00000000   Code   RO          441    .ARM.Collect$$libinit$$0000002E  c_w.l(libinit2.o)
    0x080001e8   0x080001e8   0x00000000   Code   RO          443    .ARM.Collect$$libinit$$00000030  c_w.l(libinit2.o)
    0x080001e8   0x080001e8   0x00000000   Code   RO          445    .ARM.Collect$$libinit$$00000032  c_w.l(libinit2.o)
    0x080001e8   0x080001e8   0x00000000   Code   RO          447    .ARM.Collect$$libinit$$00000034  c_w.l(libinit2.o)
    0x080001e8   0x080001e8   0x00000002   Code   RO          448    .ARM.Collect$$libinit$$00000035  c_w.l(libinit2.o)
    0x080001ea   0x080001ea   0x00000002   Code   RO          470    .ARM.Collect$$libshutdown$$00000000  c_w.l(libshutdown.o)
    0x080001ec   0x080001ec   0x00000000   Code   RO          485    .ARM.Collect$$libshutdown$$00000002  c_w.l(libshutdown2.o)
    0x080001ec   0x080001ec   0x00000000   Code   RO          487    .ARM.Collect$$libshutdown$$00000004  c_w.l(libshutdown2.o)
    0x080001ec   0x080001ec   0x00000000   Code   RO          490    .ARM.Collect$$libshutdown$$00000007  c_w.l(libshutdown2.o)
    0x080001ec   0x080001ec   0x00000000   Code   RO          493    .ARM.Collect$$libshutdown$$0000000A  c_w.l(libshutdown2.o)
    0x080001ec   0x080001ec   0x00000000   Code   RO          495    .ARM.Collect$$libshutdown$$0000000C  c_w.l(libshutdown2.o)
    0x080001ec   0x080001ec   0x00000000   Code   RO          498    .ARM.Collect$$libshutdown$$0000000F  c_w.l(libshutdown2.o)
    0x080001ec   0x080001ec   0x00000002   Code   RO          499    .ARM.Collect$$libshutdown$$00000010  c_w.l(libshutdown2.o)
    0x080001ee   0x080001ee   0x00000000   Code   RO          345    .ARM.Collect$$rtentry$$00000000  c_w.l(__rtentry.o)
    0x080001ee   0x080001ee   0x00000000   Code   RO          369    .ARM.Collect$$rtentry$$00000002  c_w.l(__rtentry2.o)
    0x080001ee   0x080001ee   0x00000006   Code   RO          381    .ARM.Collect$$rtentry$$00000004  c_w.l(__rtentry4.o)
    0x080001f4   0x080001f4   0x00000000   Code   RO          371    .ARM.Collect$$rtentry$$00000009  c_w.l(__rtentry2.o)
    0x080001f4   0x080001f4   0x00000004   Code   RO          372    .ARM.Collect$$rtentry$$0000000A  c_w.l(__rtentry2.o)
    0x080001f8   0x080001f8   0x00000000   Code   RO          374    .ARM.Collect$$rtentry$$0000000C  c_w.l(__rtentry2.o)
    0x080001f8   0x080001f8   0x00000008   Code   RO          375    .ARM.Collect$$rtentry$$0000000D  c_w.l(__rtentry2.o)
    0x08000200   0x08000200   0x00000002   Code   RO          400    .ARM.Collect$$rtexit$$00000000  c_w.l(rtexit.o)
    0x08000202   0x08000202   0x00000000   Code   RO          450    .ARM.Collect$$rtexit$$00000002  c_w.l(rtexit2.o)
    0x08000202   0x08000202   0x00000004   Code   RO          451    .ARM.Collect$$rtexit$$00000003  c_w.l(rtexit2.o)
    0x08000206   0x08000206   0x00000006   Code   RO          452    .ARM.Collect$$rtexit$$00000004  c_w.l(rtexit2.o)
    0x0800020c   0x0800020c   0x0000008a   Code   RO            1    .text               main.o
    0x08000296   0x08000296   0x00000002   PAD
    0x08000298   0x08000298   0x000003ca   Code   RO           10    .text               bldc.o
    0x08000662   0x08000662   0x00000002   PAD
    0x08000664   0x08000664   0x000007fa   Code   RO           43    .text               setup.o
    0x08000e5e   0x08000e5e   0x00000002   PAD
    0x08000e60   0x08000e60   0x0000014e   Code   RO           58    .text               it.o
    0x08000fae   0x08000fae   0x00000002   PAD
    0x08000fb0   0x08000fb0   0x0000006e   Code   RO           70    .text               comms.o
    0x0800101e   0x0800101e   0x00000002   PAD
    0x08001020   0x08001020   0x000002fe   Code   RO           78    .text               commsbluetooth.o
    0x0800131e   0x0800131e   0x00000002   PAD
    0x08001320   0x08001320   0x0000033c   Code   RO           91    .text               commsmasterslave.o
    0x0800165c   0x0800165c   0x00000650   Code   RO          113    .text               led.o
    0x08001cac   0x08001cac   0x000005b2   Code   RO          140    .text               gd32f1x0_adc.o
    0x0800225e   0x0800225e   0x00000002   PAD
    0x08002260   0x08002260   0x00000328   Code   RO          156    .text               gd32f1x0_dma.o
    0x08002588   0x08002588   0x000000da   Code   RO          164    .text               gd32f1x0_fwdgt.o
    0x08002662   0x08002662   0x00000002   PAD
    0x08002664   0x08002664   0x00000198   Code   RO          172    .text               gd32f1x0_gpio.o
    0x080027fc   0x080027fc   0x00000130   Code   RO          189    .text               gd32f1x0_misc.o
    0x0800292c   0x0800292c   0x00000730   Code   RO          210    .text               gd32f1x0_rcu.o
    0x0800305c   0x0800305c   0x00000cc8   Code   RO          227    .text               gd32f1x0_timer.o
    0x08003d24   0x08003d24   0x0000063a   Code   RO          236    .text               gd32f1x0_usart.o
    0x0800435e   0x0800435e   0x00000002   PAD
    0x08004360   0x08004360   0x00000040   Code   RO          255    .text               startup_gd32f1x0.o
    0x080043a0   0x080043a0   0x0000013c   Code   RO          261    .text               system_gd32f1x0.o
    0x080044dc   0x080044dc   0x00000028   Code   RO          275    .text               c_w.l(noretval__2sprintf.o)
    0x08004504   0x08004504   0x0000004e   Code   RO          279    .text               c_w.l(_printf_pad.o)
    0x08004552   0x08004552   0x00000002   PAD
    0x08004554   0x08004554   0x00000078   Code   RO          281    .text               c_w.l(_printf_dec.o)
    0x080045cc   0x080045cc   0x00000138   Code   RO          295    .text               c_w.l(__printf_flags_wp.o)
    0x08004704   0x08004704   0x00000006   Code   RO          305    .text               c_w.l(heapauxi.o)
    0x0800470a   0x0800470a   0x000000b2   Code   RO          346    .text               c_w.l(_printf_intcommon.o)
    0x080047bc   0x080047bc   0x00000030   Code   RO          348    .text               c_w.l(_printf_char_common.o)
    0x080047ec   0x080047ec   0x0000000a   Code   RO          350    .text               c_w.l(_sputc.o)
    0x080047f6   0x080047f6   0x0000004a   Code   RO          387    .text               c_w.l(sys_stackheap_outer.o)
    0x08004840   0x08004840   0x00000012   Code   RO          389    .text               c_w.l(exit.o)
    0x08004852   0x08004852   0x00000002   PAD
    0x08004854   0x08004854   0x00000008   Code   RO          397    .text               c_w.l(libspace.o)
    0x0800485c   0x0800485c   0x0000000c   Code   RO          460    .text               c_w.l(sys_exit.o)
    0x08004868   0x08004868   0x00000002   Code   RO          475    .text               c_w.l(use_no_semi.o)
    0x0800486a   0x0800486a   0x00000000   Code   RO          477    .text               c_w.l(indicate_semi.o)
    0x0800486a   0x0800486a   0x0000000e   Code   RO          293    i._is_digit         c_w.l(__printf_wp.o)
    0x08004878   0x08004878   0x00000062   Code   RO          309    x$fpl$d2f           fz_ws.l(d2f.o)
    0x080048da   0x080048da   0x00000002   PAD
    0x080048dc   0x080048dc   0x00000150   Code   RO          311    x$fpl$dadd          fz_ws.l(daddsub_clz.o)
    0x08004a2c   0x08004a2c   0x0000002e   Code   RO          318    x$fpl$dflt          fz_ws.l(dflt_clz.o)
    0x08004a5a   0x08004a5a   0x00000026   Code   RO          317    x$fpl$dfltu         fz_ws.l(dflt_clz.o)
    0x08004a80   0x08004a80   0x00000154   Code   RO          323    x$fpl$dmul          fz_ws.l(dmul.o)
    0x08004bd4   0x08004bd4   0x0000009c   Code   RO          353    x$fpl$dnaninf       fz_ws.l(dnaninf.o)
    0x08004c70   0x08004c70   0x0000000c   Code   RO          355    x$fpl$dretinf       fz_ws.l(dretinf.o)
    0x08004c7c   0x08004c7c   0x000001dc   Code   RO          313    x$fpl$dsub          fz_ws.l(daddsub_clz.o)
    0x08004e58   0x08004e58   0x00000056   Code   RO          325    x$fpl$f2d           fz_ws.l(f2d.o)
    0x08004eae   0x08004eae   0x00000054   Code   RO          327    x$fpl$fcmp          fz_ws.l(fcmp.o)
    0x08004f02   0x08004f02   0x00000018   Code   RO          385    x$fpl$fcmpinf       fz_ws.l(fcmpi.o)
    0x08004f1a   0x08004f1a   0x00000002   PAD
    0x08004f1c   0x08004f1c   0x00000184   Code   RO          330    x$fpl$fdiv          fz_ws.l(fdiv.o)
    0x080050a0   0x080050a0   0x00000068   Code   RO          357    x$fpl$feqf          fz_ws.l(feqf.o)
    0x08005108   0x08005108   0x00000036   Code   RO          333    x$fpl$ffix          fz_ws.l(ffix.o)
    0x0800513e   0x0800513e   0x00000002   PAD
    0x08005140   0x08005140   0x00000026   Code   RO          337    x$fpl$ffltu         fz_ws.l(fflt_clz.o)
    0x08005166   0x08005166   0x00000002   PAD
    0x08005168   0x08005168   0x00000068   Code   RO          359    x$fpl$fgeqf         fz_ws.l(fgeqf.o)
    0x080051d0   0x080051d0   0x00000068   Code   RO          361    x$fpl$fleqf         fz_ws.l(fleqf.o)
    0x08005238   0x08005238   0x00000102   Code   RO          343    x$fpl$fmul          fz_ws.l(fmul.o)
    0x0800533a   0x0800533a   0x0000008c   Code   RO          363    x$fpl$fnaninf       fz_ws.l(fnaninf.o)
    0x080053c6   0x080053c6   0x0000000a   Code   RO          365    x$fpl$fretinf       fz_ws.l(fretinf.o)
    0x080053d0   0x080053d0   0x00000000   Code   RO          367    x$fpl$usenofp       fz_ws.l(usenofp.o)
    0x080053d0   0x080053d0   0x00000011   Data   RO          296    .constdata          c_w.l(__printf_flags_wp.o)
    0x080053e1   0x080053e1   0x00000003   PAD
    0x080053e4   0x080053e4   0x0000000c   Data   RO          105    .rodata..Lswitch.table.CheckGeneralValue  commsmasterslave.o
    0x080053f0   0x080053f0   0x0000000c   Data   RO          174    .rodata..Lswitch.table.gpio_deinit.1  gd32f1x0_gpio.o
    0x080053fc   0x080053fc   0x00000008   Data   RO          212    .rodata.cst8        gd32f1x0_rcu.o
    0x08005404   0x08005404   0x00000008   Data   RO           26    .rodata.hall_to_pos  bldc.o
    0x0800540c   0x0800540c   0x0000000a   Data   RO           83    .rodata.str1.1      commsbluetooth.o
    0x08005416   0x08005416   0x00000040   Data   RO          129    .rodata.su8BrightnessTable  led.o
    0x08005456   0x08005456   0x00000002   PAD
    0x08005458   0x08005458   0x00000020   Data   RO          533    Region$$Table       anon$$obj.o


    Execution Region RW_IRAM1 (Exec base: 0x20000000, Load base: 0x08005478, Size: 0x00000970, Max: 0x00002000, ABSOLUTE)

    Exec Addr    Load Addr    Size         Type   Attr      Idx    E Section Name        Object

    0x20000000   0x08005478   0x00000004   Data   RW          263    .data.SystemCoreClock  system_gd32f1x0.o
    0x20000004   0x0800547c   0x00000004   Data   RW           13    .data.batteryVoltage  bldc.o
    0x20000008   0x08005480   0x00000001   Data   RW          128    .data.brightnessValue  led.o
    0x20000009   0x08005481   0x00000001   PAD
    0x2000000a   0x08005482   0x00000002   Data   RW           24    .data.offsetdc      bldc.o
    0x2000000c   0x08005484   0x00000001   Data   RW          127    .data.saturationValue  led.o
    0x2000000d   0x08005485   0x00000001   PAD
    0x2000000e   0x08005486   0x00000002   Data   RW          131    .data.speedBlink    led.o
    0x20000010   0x08005488   0x00000002   Data   RW          130    .data.speedFading   led.o
    0x20000012   0x0800548a   0x00000002   Data   RW          132    .data.speedStrobe   led.o
    0x20000014   0x0800548c   0x00000001   Data   RW           61    .data.timedOut      it.o
    0x20000015   0x0800548d   0x00000003   PAD
    0x20000018        -       0x00000060   Zero   RW          398    .bss                c_w.l(libspace.o)
    0x20000078        -       0x00000004   Zero   RW           27    .bss.adc_buffer     bldc.o
    0x2000007c        -       0x00000002   Zero   RW           98    .bss.batteryMaster  commsmasterslave.o
    0x2000007e        -       0x00000001   Zero   RW           96    .bss.beepsBackwardsMaster  commsmasterslave.o
    0x2000007f        -       0x00000001   Zero   RW           17    .bss.bldc_enable    bldc.o
    0x20000080        -       0x00000002   Zero   RW           16    .bss.bldc_inputFilterPwm  bldc.o
    0x20000082        -       0x00000002   Zero   RW           18    .bss.bldc_outputFilterPwm  bldc.o
    0x20000084        -       0x00000002   Zero   RW          122    .bss.blinkCounter   led.o
    0x20000086        -       0x00000002   Zero   RW           22    .bss.buzzerTimer    bldc.o
    0x20000088        -       0x00000001   Zero   RW          117    .bss.counter_Blue   led.o
    0x20000089        -       0x00000001   Zero   RW          116    .bss.counter_Green  led.o
    0x2000008a        -       0x00000001   Zero   RW          115    .bss.counter_Red    led.o
    0x2000008b   0x0800548d   0x00000001   PAD
    0x2000008c        -       0x00000004   Zero   RW           14    .bss.currentDC      bldc.o
    0x20000090        -       0x00000002   Zero   RW           97    .bss.currentDCMaster  commsmasterslave.o
    0x20000092        -       0x00000001   Zero   RW           34    .bss.dir            bldc.o
    0x20000093   0x0800548d   0x00000001   PAD
    0x20000094        -       0x00000024   Zero   RW           49    .bss.dma_init_struct_adc  setup.o
    0x200000b8        -       0x00000024   Zero   RW           50    .bss.dma_init_struct_usart  setup.o
    0x200000dc        -       0x00000002   Zero   RW          121    .bss.fadingCounter  led.o
    0x200000de   0x0800548d   0x00000002   PAD
    0x200000e0        -       0x00000004   Zero   RW           35    .bss.filter_reg     bldc.o
    0x200000e4        -       0x00000001   Zero   RW           31    .bss.hall           bldc.o
    0x200000e5        -       0x00000001   Zero   RW           28    .bss.hall_a         bldc.o
    0x200000e6        -       0x00000001   Zero   RW           29    .bss.hall_b         bldc.o
    0x200000e7        -       0x00000001   Zero   RW           30    .bss.hall_c         bldc.o
    0x200000e8        -       0x00000004   Zero   RW           62    .bss.hornCounter_ms  it.o
    0x200000ec        -       0x00000002   Zero   RW          126    .bss.hueValue       led.o
    0x200000ee        -       0x00000001   Zero   RW           33    .bss.lastPos        bldc.o
    0x200000ef        -       0x00000001   Zero   RW           94    .bss.lowerLEDMaster  commsmasterslave.o
    0x200000f0        -       0x00000001   Zero   RW           95    .bss.mosfetOutMaster  commsmasterslave.o
    0x200000f1   0x0800548d   0x00000003   PAD
    0x200000f4        -       0x00000004   Zero   RW           63    .bss.msTicks        it.o
    0x200000f8        -       0x00000002   Zero   RW           23    .bss.offsetcount    bldc.o
    0x200000fa        -       0x00000001   Zero   RW           32    .bss.pos            bldc.o
    0x200000fb   0x0800548d   0x00000001   PAD
    0x200000fc        -       0x00000004   Zero   RW           15    .bss.realSpeed      bldc.o
    0x20000100        -       0x00000002   Zero   RW           99    .bss.realSpeedMaster  commsmasterslave.o
    0x20000102        -       0x00000001   Zero   RW           81    .bss.sBluetoothRecord  commsbluetooth.o
    0x20000103        -       0x00000001   Zero   RW          125    .bss.sLEDProgram    led.o
    0x20000104        -       0x00000001   Zero   RW          103    .bss.sMasterSlaveRecord  commsmasterslave.o
    0x20000105        -       0x0000000b   Zero   RW           82    .bss.sUSARTBluetoothRecordBuffer  commsbluetooth.o
    0x20000110        -       0x00000001   Zero   RW           80    .bss.sUSARTBluetoothRecordBufferCounter  commsbluetooth.o
    0x20000111        -       0x0000000a   Zero   RW          104    .bss.sUSARTMasterSlaveRecordBuffer  commsmasterslave.o
    0x2000011b        -       0x00000001   Zero   RW          102    .bss.sUSARTMasterSlaveRecordBufferCounter  commsmasterslave.o
    0x2000011c        -       0x00000001   Zero   RW          120    .bss.setValue_Blue  led.o
    0x2000011d        -       0x00000001   Zero   RW          119    .bss.setValue_Green  led.o
    0x2000011e        -       0x00000001   Zero   RW          118    .bss.setValue_Red   led.o
    0x2000011f   0x0800548d   0x00000001   PAD
    0x20000120        -       0x00000004   Zero   RW           25    .bss.speedCounter   bldc.o
    0x20000124        -       0x00000002   Zero   RW          123    .bss.strobeCounter  led.o
    0x20000126        -       0x00000001   Zero   RW          124    .bss.strobeToggle   led.o
    0x20000127   0x0800548d   0x00000001   PAD
    0x20000128        -       0x00000004   Zero   RW           60    .bss.timeoutCounter_ms  it.o
    0x2000012c        -       0x00000010   Zero   RW           45    .bss.timeoutTimer_paramter_struct  setup.o
    0x2000013c        -       0x0000000e   Zero   RW           48    .bss.timerBldc_break_parameter_struct  setup.o
    0x2000014a        -       0x0000000c   Zero   RW           47    .bss.timerBldc_oc_parameter_struct  setup.o
    0x20000156   0x0800548d   0x00000002   PAD
    0x20000158        -       0x00000010   Zero   RW           46    .bss.timerBldc_paramter_struct  setup.o
    0x20000168        -       0x00000001   Zero   RW           93    .bss.upperLEDMaster  commsmasterslave.o
    0x20000169        -       0x00000001   Zero   RW           51    .bss.usartMasterSlave_rx_buf  setup.o
    0x2000016a        -       0x00000001   Zero   RW           52    .bss.usartSteer_COM_rx_buf  setup.o
    0x2000016b   0x0800548d   0x00000005   PAD
    0x20000170        -       0x00000400   Zero   RW          253    HEAP                startup_gd32f1x0.o
    0x20000570        -       0x00000400   Zero   RW          252    STACK               startup_gd32f1x0.o


==============================================================================

Image component sizes


      Code (inc. data)   RO Data    RW Data    ZI Data      Debug   Object Name

       970         12          8          6         36       3388   bldc.o
       110          0          0          0          0       1993   comms.o
       766         26         10          0         13       3969   commsbluetooth.o
       828          0         12          0         22       5025   commsmasterslave.o
      1458         16          0          0          0       7335   gd32f1x0_adc.o
       808          8          0          0          0       6169   gd32f1x0_dma.o
       218          0          0          0          0       1986   gd32f1x0_fwdgt.o
       408          0         12          0          0       4063   gd32f1x0_gpio.o
       304          0          0          0          0       3099   gd32f1x0_misc.o
      1840         34          8          0          0      13476   gd32f1x0_rcu.o
      3272         40          0          0          0      17715   gd32f1x0_timer.o
      1594          8          0          0          0      11829   gd32f1x0_usart.o
       334          0          0          1         12       2347   it.o
      1616          0         64          8         16       7266   led.o
       138          0          0          0          0       3504   main.o
      2042          0          0          0        132       5591   setup.o
        64         26        360          0       2048        896   startup_gd32f1x0.o
       316         16          0          4          0       1587   system_gd32f1x0.o

    ----------------------------------------------------------------------
     17104        186        508         24       2296     101238   Object Totals
         0          0         32          0          0          0   (incl. Generated)
        18          0          2          5         17          0   (incl. Padding)

    ----------------------------------------------------------------------

      Code (inc. data)   RO Data    RW Data    ZI Data      Debug   Library Member Name

         8          0          0          0          0         68   __main.o
       312          4         17          0          0         92   __printf_flags_wp.o
        14          0          0          0          0         68   __printf_wp.o
         0          0          0          0          0          0   __rtentry.o
        12          0          0          0          0          0   __rtentry2.o
         6          0          0          0          0          0   __rtentry4.o
        52          8          0          0          0          0   __scatter.o
        26          0          0          0          0          0   __scatter_copy.o
        28          0          0          0          0          0   __scatter_zi.o
        48          6          0          0          0         96   _printf_char_common.o
         6          0          0          0          0          0   _printf_d.o
       120         16          0          0          0         92   _printf_dec.o
       178          0          0          0          0         88   _printf_intcommon.o
        78          0          0          0          0        108   _printf_pad.o
         0          0          0          0          0          0   _printf_percent.o
         4          0          0          0          0          0   _printf_percent_end.o
        10          0          0          0          0         68   _sputc.o
        18          0          0          0          0         80   exit.o
         6          0          0          0          0        152   heapauxi.o
         0          0          0          0          0          0   indicate_semi.o
         2          0          0          0          0          0   libinit.o
         2          0          0          0          0          0   libinit2.o
         2          0          0          0          0          0   libshutdown.o
         2          0          0          0          0          0   libshutdown2.o
         8          4          0          0         96         68   libspace.o
        40          6          0          0          0         84   noretval__2sprintf.o
         2          0          0          0          0          0   rtexit.o
        10          0          0          0          0          0   rtexit2.o
        12          4          0          0          0         68   sys_exit.o
        74          0          0          0          0         80   sys_stackheap_outer.o
         2          0          0          0          0         68   use_no_semi.o
        98          4          0          0          0         92   d2f.o
       812         16          0          0          0        296   daddsub_clz.o
        84          0          0          0          0        136   dflt_clz.o
       340         12          0          0          0        104   dmul.o
       156          4          0          0          0         92   dnaninf.o
        12          0          0          0          0         68   dretinf.o
        86          4          0          0          0         84   f2d.o
        84          0          0          0          0        196   fcmp.o
        24          0          0          0          0         68   fcmpi.o
       388         76          0          0          0         96   fdiv.o
       104          4          0          0          0         84   feqf.o
        54          4          0          0          0         84   ffix.o
        38          0          0          0          0         68   fflt_clz.o
       104          4          0          0          0         84   fgeqf.o
       104          4          0          0          0         84   fleqf.o
       258          4          0          0          0         84   fmul.o
       140          4          0          0          0         84   fnaninf.o
        10          0          0          0          0         68   fretinf.o
         0          0          0          0          0          0   usenofp.o

    ----------------------------------------------------------------------
      3992        188         20          0         96       3152   Library Totals
        14          0          3          0          0          0   (incl. Padding)

    ----------------------------------------------------------------------

      Code (inc. data)   RO Data    RW Data    ZI Data      Debug   Library Name

      1082         48         17          0         96       1280   c_w.l
      2896        140          0          0          0       1872   fz_ws.l

    ----------------------------------------------------------------------
      3992        188         20          0         96       3152   Library Totals

    ----------------------------------------------------------------------

==============================================================================


      Code (inc. data)   RO Data    RW Data    ZI Data      Debug   

     21096        374        528         24       2392     102506   Grand Totals
     21096        374        528         24       2392     102506   ELF Image Totals
     21096        374        528         24          0          0   ROM Totals

==============================================================================

    Total RO  Size (Code + RO Data)                21624 (  21.12kB)
    Total RW  Size (RW Data + ZI Data)              2416 (   2.36kB)
    Total ROM Size (Code + RO Data + RW Data)      21648 (  21.14kB)

==============================================================================

